../Core/Src/daly_bms.c:25:6:DalyBMS_Request	8	static
../Core/Src/daly_bms.c:53:6:DalyBMS_Recive	24	static
../Core/Src/daly_bms.c:96:6:DalyBMS_Get_Pack_Data	24	static
../Core/Src/daly_bms.c:134:6:DalyBMS_Get_Min_Max_Cell_Voltage	8	static
../Core/Src/daly_bms.c:161:6:DalyBMS_Get_Pack_Temperature	8	static
../Core/Src/daly_bms.c:187:6:DalyBMS_Get_Charge_Discharge_Status	8	static
../Core/Src/daly_bms.c:228:6:DalyBMS_Get_Status_Info	8	static
../Core/Src/daly_bms.c:256:6:DalyBMS_Get_Cell_Voltages	24	static
../Core/Src/daly_bms.c:291:6:DalyBMS_Get_Cell_Temperatures	16	static
../Core/Src/daly_bms.c:325:6:DalyBMS_Get_Cell_Balance_State	32	static
../Core/Src/daly_bms.c:370:6:DalyBMS_Get_Failure_Codes	16	static
../Core/Src/daly_bms.c:447:6:DalyBMS_Get_Voltage_Thresholds	8	static
../Core/Src/daly_bms.c:475:6:DalyBMS_Get_Pack_Thresholds	8	static
../Core/Src/daly_bms.c:503:6:DalyBMS_Get_Connection_Status	0	static
../Core/Src/daly_bms.c:509:6:DalyBMS_Set_Discharge_MOS	8	static
../Core/Src/daly_bms.c:532:6:DalyBMS_Set_Charge_MOS	8	static
../Core/Src/daly_bms.c:556:6:DalyBMS_Set_SoC	16	static
../Core/Src/daly_bms.c:604:6:DalyBMS_Reset	8	static
../Core/Src/daly_bms.c:618:6:DalyBMS_On_Request_Done	0	static
../Core/Src/daly_bms.c:650:6:DalyBMS_Clear_Get	0	static
../Core/Src/daly_bms.c:655:6:DalyBMS_Set_Callback	0	static
