../Core/Src/daly_bms.c:34:6:DalyBMS_Request	8	static
../Core/Src/daly_bms.c:62:6:DalyBMS_Recive	24	static
../Core/Src/daly_bms.c:105:6:DalyBMS_Get_Pack_Data	24	static
../Core/Src/daly_bms.c:143:6:DalyBMS_Get_Min_Max_Cell_Voltage	8	static
../Core/Src/daly_bms.c:170:6:DalyBMS_Get_Pack_Temperature	8	static
../Core/Src/daly_bms.c:196:6:DalyBMS_Get_Charge_Discharge_Status	8	static
../Core/Src/daly_bms.c:237:6:DalyBMS_Get_Status_Info	8	static
../Core/Src/daly_bms.c:265:6:DalyBMS_Get_Cell_Voltages	24	static
../Core/Src/daly_bms.c:300:6:DalyBMS_Get_Cell_Temperatures	16	static
../Core/Src/daly_bms.c:334:6:DalyBMS_Get_Cell_Balance_State	32	static
../Core/Src/daly_bms.c:379:6:DalyBMS_Get_Failure_Codes	16	static
../Core/Src/daly_bms.c:456:6:DalyBMS_Get_Voltage_Thresholds	8	static
../Core/Src/daly_bms.c:484:6:DalyBMS_Get_Pack_Thresholds	8	static
../Core/Src/daly_bms.c:512:6:DalyBMS_Get_Connection_Status	0	static
../Core/Src/daly_bms.c:518:6:DalyBMS_Set_Discharge_MOS	8	static
../Core/Src/daly_bms.c:541:6:DalyBMS_Set_Charge_MOS	8	static
../Core/Src/daly_bms.c:565:6:DalyBMS_Set_SoC	16	static
../Core/Src/daly_bms.c:613:6:DalyBMS_Reset	8	static
../Core/Src/daly_bms.c:625:6:DalyBMS_On_Request_Done	0	static
../Core/Src/daly_bms.c:657:6:DalyBMS_Clear_Get	0	static
../Core/Src/daly_bms.c:662:6:DalyBMS_Set_Callback	0	static
../Core/Src/daly_bms.c:667:6:DalyBMS_Request_IT	16	static
../Core/Src/daly_bms.c:698:6:DalyBMS_StartReceive_IT	8	static
../Core/Src/daly_bms.c:747:6:DalyBMS_ProcessCommandData	24	static
../Core/Src/daly_bms.c:711:6:DalyBMS_ProcessResponse_IT	24	static
../Core/Src/daly_bms.c:894:6:DalyBMS_ResetCommunication_IT	8	static
../Core/Src/daly_bms.c:907:6:DalyBMS_TxCpltCallback	8	static
../Core/Src/daly_bms.c:913:6:DalyBMS_RxCpltCallback	8	static
../Core/Src/daly_bms.c:921:6:DalyBMS_IsProcessing	0	static
../Core/Src/daly_bms.c:926:6:DalyBMS_IsTxComplete	0	static
../Core/Src/daly_bms.c:931:6:DalyBMS_IsRxComplete	0	static
../Core/Src/daly_bms.c:936:10:DalyBMS_GetLastActivity	0	static
