../Core/Src/main.c:535:6:StartDefaultTask	8	static
../Core/Src/main.c:570:6:StartBMSTask	8	static
../Core/Src/main.c:666:6:StartSK60xTask	8	static
../Core/Src/main.c:707:6:StartTaskModbus	8	static
../Core/Src/main.c:490:6:HAL_UART_RxCpltCallback	0	static
../Core/Src/main.c:503:6:HAL_UART_TxCpltCallback	0	static
../Core/Src/main.c:511:6:HAL_UART_ErrorCallback	8	static
../Core/Src/main.c:731:6:Error_Handler	8	static,ignoring_inline_asm
../Core/Src/main.c:199:6:SystemClock_Config	96	static
../Core/Src/main.c:97:5:main	144	static
