../Core/Src/main.c:483:6:StartDefaultTask	8	static
../Core/Src/main.c:518:6:StartBMSTask	8	static
../Core/Src/main.c:611:6:StartSK60xTask	8	static
../Core/Src/main.c:630:6:StartTaskINA219	16	static
../Core/Src/main.c:652:6:StartTaskModbus	8	static
../Core/Src/main.c:452:6:HAL_UART_RxCpltCallback	0	static
../Core/Src/main.c:461:6:HAL_UART_TxCpltCallback	16	static
../Core/Src/main.c:668:6:Error_Handler	8	static,ignoring_inline_asm
../Core/Src/main.c:190:6:SystemClock_Config	96	static
../Core/Src/main.c:92:5:main	168	static
