../Core/Src/modbus_rtu.c:80:19:ModbusRTU_Init	16	static
../Core/Src/modbus_rtu.c:106:10:ModbusRTU_CalculateCRC	12	static
../Core/Src/modbus_rtu.c:130:6:ModbusRTU_CheckCRC	16	static
../Core/Src/modbus_rtu.c:148:16:ModbusRTU_SendResponse	16	static
../Core/Src/modbus_rtu.c:180:6:ModbusRTU_SendException	0	static
../Core/Src/modbus_rtu.c:196:10:ModbusRTU_ReadRegister	16	static
../Core/Src/modbus_rtu.c:413:16:ModbusRTU_WriteRegister	8	static
../Core/Src/modbus_rtu.c:515:16:ModbusRTU_ReadHoldingRegisters	24	static
../Core/Src/modbus_rtu.c:557:16:ModbusRTU_WriteSingleRegister	16	static
../Core/Src/modbus_rtu.c:595:16:ModbusRTU_WriteMultipleRegisters	24	static
../Core/Src/modbus_rtu.c:657:16:ModbusRTU_ProcessFrame	16	static
../Core/Src/modbus_rtu.c:719:6:ModbusRTU_RxCpltCallback	8	static
../Core/Src/modbus_rtu.c:754:6:ModbusRTU_Process	8	static
../Core/Src/modbus_rtu.c:778:19:ModbusRTU_ApplyConfig	0	static
../Core/Src/modbus_rtu.c:794:10:ModbusRTU_BaudrateFromCode	0	static
../Core/Src/modbus_rtu.c:810:6:ModbusRTU_UpdateDataFromSources	0	static
