../Core/Src/modbus_rtu.c:80:19:ModbusRTU_Init	16	static
../Core/Src/modbus_rtu.c:106:10:ModbusRTU_CalculateCRC	12	static
../Core/Src/modbus_rtu.c:130:6:ModbusRTU_CheckCRC	16	static
../Core/Src/modbus_rtu.c:148:16:ModbusRTU_SendResponse	16	static
../Core/Src/modbus_rtu.c:179:6:ModbusRTU_SendException	0	static
../Core/Src/modbus_rtu.c:195:10:ModbusRTU_ReadRegister	16	static
../Core/Src/modbus_rtu.c:412:16:ModbusRTU_WriteRegister	8	static
../Core/Src/modbus_rtu.c:514:16:ModbusRTU_ReadHoldingRegisters	24	static
../Core/Src/modbus_rtu.c:556:16:ModbusRTU_WriteSingleRegister	16	static
../Core/Src/modbus_rtu.c:594:16:ModbusRTU_WriteMultipleRegisters	24	static
../Core/Src/modbus_rtu.c:656:16:ModbusRTU_ProcessFrame	16	static
../Core/Src/modbus_rtu.c:718:6:ModbusRTU_RxCpltCallback	8	static
../Core/Src/modbus_rtu.c:753:6:ModbusRTU_Process	8	static
../Core/Src/modbus_rtu.c:777:19:ModbusRTU_ApplyConfig	0	static
../Core/Src/modbus_rtu.c:793:10:ModbusRTU_BaudrateFromCode	0	static
../Core/Src/modbus_rtu.c:809:6:ModbusRTU_UpdateDataFromSources	0	static
