../Core/Src/modbus_rtu.c:80:19:ModbusRTU_Init	16	static
../Core/Src/modbus_rtu.c:106:10:ModbusRTU_CalculateCRC	12	static
../Core/Src/modbus_rtu.c:130:6:ModbusRTU_CheckCRC	16	static
../Core/Src/modbus_rtu.c:148:16:ModbusRTU_SendResponse	16	static
../Core/Src/modbus_rtu.c:173:6:ModbusRTU_SendException	0	static
../Core/Src/modbus_rtu.c:189:10:ModbusRTU_ReadRegister	16	static
../Core/Src/modbus_rtu.c:438:16:ModbusRTU_WriteRegister	8	static
../Core/Src/modbus_rtu.c:531:16:ModbusRTU_ReadHoldingRegisters	24	static
../Core/Src/modbus_rtu.c:573:16:ModbusRTU_WriteSingleRegister	16	static
../Core/Src/modbus_rtu.c:611:16:ModbusRTU_WriteMultipleRegisters	24	static
../Core/Src/modbus_rtu.c:673:16:ModbusRTU_ProcessFrame	16	static
../Core/Src/modbus_rtu.c:735:6:ModbusRTU_RxCpltCallback	8	static
../Core/Src/modbus_rtu.c:770:6:ModbusRTU_Process	8	static
../Core/Src/modbus_rtu.c:794:19:ModbusRTU_ApplyConfig	0	static
../Core/Src/modbus_rtu.c:810:6:ModbusRTU_BaudrateFromCode	0	static
../Core/Src/modbus_rtu.c:852:6:ModbusRTU_UpdateDataFromSources	0	static
