../Core/Src/modbus_rtu.c:83:19:ModbusRTU_Init	16	static
../Core/Src/modbus_rtu.c:114:10:ModbusRTU_CalculateCRC	12	static
../Core/Src/modbus_rtu.c:138:6:ModbusRTU_CheckCRC	16	static
../Core/Src/modbus_rtu.c:156:16:ModbusRTU_SendResponse	16	static
../Core/Src/modbus_rtu.c:197:6:ModbusRTU_SendException	0	static
../Core/Src/modbus_rtu.c:212:10:ModbusRTU_ReadRegister	16	static
../Core/Src/modbus_rtu.c:461:16:ModbusRTU_WriteRegister	8	static
../Core/Src/modbus_rtu.c:554:16:ModbusRTU_ReadHoldingRegisters	24	static
../Core/Src/modbus_rtu.c:596:16:ModbusRTU_WriteSingleRegister	16	static
../Core/Src/modbus_rtu.c:634:16:ModbusRTU_WriteMultipleRegisters	24	static
../Core/Src/modbus_rtu.c:696:16:ModbusRTU_ProcessFrame	24	static
../Core/Src/modbus_rtu.c:788:6:ModbusRTU_RxCpltCallback	16	static
../Core/Src/modbus_rtu.c:855:6:ModbusRTU_Reset	16	static
../Core/Src/modbus_rtu.c:843:6:ModbusRTU_ErrorCallback	8	static
../Core/Src/modbus_rtu.c:867:6:ModbusRTU_Process	16	static
../Core/Src/modbus_rtu.c:899:19:ModbusRTU_ApplyConfig	0	static
../Core/Src/modbus_rtu.c:915:6:ModbusRTU_BaudrateFromCode	0	static
../Core/Src/modbus_rtu.c:957:6:ModbusRTU_UpdateDataFromSources	0	static
