../Core/Src/stm32f1xx_it.c:75:6:NMI_Handler	0	static
../Core/Src/stm32f1xx_it.c:90:6:HardFault_Handler	0	static
../Core/Src/stm32f1xx_it.c:105:6:MemManage_Handler	0	static
../Core/Src/stm32f1xx_it.c:120:6:BusFault_Handler	0	static
../Core/Src/stm32f1xx_it.c:135:6:UsageFault_Handler	0	static
../Core/Src/stm32f1xx_it.c:150:6:DebugMon_Handler	0	static
../Core/Src/stm32f1xx_it.c:163:6:SysTick_Handler	8	static
../Core/Src/stm32f1xx_it.c:192:6:DMA1_Channel7_IRQHandler	0	static
../Core/Src/stm32f1xx_it.c:206:6:USB_LP_CAN1_RX0_IRQHandler	0	static
../Core/Src/stm32f1xx_it.c:220:6:USART1_IRQHandler	0	static
../Core/Src/stm32f1xx_it.c:234:6:USART2_IRQHandler	0	static
../Core/Src/stm32f1xx_it.c:248:6:USART3_IRQHandler	0	static
