../Core/Src/daly_bms.c:29:6:DalyBMS_Request	32	static
../Core/Src/daly_bms.c:57:6:DalyBMS_Recive	40	static
../Core/Src/daly_bms.c:101:6:DalyBMS_Get_Pack_Data	8	static
../Core/Src/daly_bms.c:142:6:DalyBMS_Get_Min_Max_Cell_Voltage	8	static
../Core/Src/daly_bms.c:174:6:DalyBMS_Get_Pack_Temperature	8	static
../Core/Src/daly_bms.c:203:6:DalyBMS_Get_Charge_Discharge_Status	16	static
../Core/Src/daly_bms.c:252:6:DalyBMS_Get_Status_Info	8	static
../Core/Src/daly_bms.c:286:6:DalyBMS_Get_Cell_Voltages	24	static
../Core/Src/daly_bms.c:324:6:DalyBMS_Get_Cell_Temperatures	16	static
../Core/Src/daly_bms.c:363:6:DalyBMS_Get_Cell_Balance_State	16	static
../Core/Src/daly_bms.c:410:6:DalyBMS_Get_Failure_Codes	240	static
../Core/Src/daly_bms.c:454:6:DalyBMS_Get_Voltage_Thresholds	8	static
../Core/Src/daly_bms.c:486:6:DalyBMS_Get_Pack_Thresholds	8	static
../Core/Src/daly_bms.c:518:6:DalyBMS_Get_Connection_Status	4	static
../Core/Src/daly_bms.c:524:6:DalyBMS_Set_Discharge_MOS	16	static
../Core/Src/daly_bms.c:548:6:DalyBMS_Set_Charge_MOS	16	static
../Core/Src/daly_bms.c:572:6:DalyBMS_Set_SoC	24	static
../Core/Src/daly_bms.c:620:6:DalyBMS_Reset	8	static
../Core/Src/daly_bms.c:634:6:DalyBMS_On_Request_Done	8	static
../Core/Src/daly_bms.c:661:9:DalyBMS_Calculate_Checksum	24	static
../Core/Src/daly_bms.c:675:6:DalyBMS_Validate_Checksum	16	static
../Core/Src/daly_bms.c:686:6:DalyBMS_Clear_Get	4	static
../Core/Src/daly_bms.c:691:6:DalyBMS_Set_Callback	16	static
