Archive member included to satisfy reference by file (symbol)

E:/ST/STM32CubeIDE_1.19.0/STM32CubeIDE/plugins/com.st.stm32cube.ide.mcu.externaltools.gnu-tools-for-stm32.13.3.rel1.win32_1.0.0.202411081344/tools/bin/../lib/gcc/arm-none-eabi/13.3.1/../../../../arm-none-eabi/lib/thumb/v7-m/nofp\libc_nano.a(libc_a-exit.o)
                              E:/ST/STM32CubeIDE_1.19.0/STM32CubeIDE/plugins/com.st.stm32cube.ide.mcu.externaltools.gnu-tools-for-stm32.13.3.rel1.win32_1.0.0.202411081344/tools/bin/../lib/gcc/arm-none-eabi/13.3.1/../../../../arm-none-eabi/lib/thumb/v7-m/nofp/crt0.o (exit)
E:/ST/STM32CubeIDE_1.19.0/STM32CubeIDE/plugins/com.st.stm32cube.ide.mcu.externaltools.gnu-tools-for-stm32.13.3.rel1.win32_1.0.0.202411081344/tools/bin/../lib/gcc/arm-none-eabi/13.3.1/../../../../arm-none-eabi/lib/thumb/v7-m/nofp\libc_nano.a(libc_a-nano-vfprintf_float.o)
                              (_printf_float)
E:/ST/STM32CubeIDE_1.19.0/STM32CubeIDE/plugins/com.st.stm32cube.ide.mcu.externaltools.gnu-tools-for-stm32.13.3.rel1.win32_1.0.0.202411081344/tools/bin/../lib/gcc/arm-none-eabi/13.3.1/../../../../arm-none-eabi/lib/thumb/v7-m/nofp\libc_nano.a(libc_a-nano-vfprintf_i.o)
                              E:/ST/STM32CubeIDE_1.19.0/STM32CubeIDE/plugins/com.st.stm32cube.ide.mcu.externaltools.gnu-tools-for-stm32.13.3.rel1.win32_1.0.0.202411081344/tools/bin/../lib/gcc/arm-none-eabi/13.3.1/../../../../arm-none-eabi/lib/thumb/v7-m/nofp\libc_nano.a(libc_a-nano-vfprintf_float.o) (_printf_common)
E:/ST/STM32CubeIDE_1.19.0/STM32CubeIDE/plugins/com.st.stm32cube.ide.mcu.externaltools.gnu-tools-for-stm32.13.3.rel1.win32_1.0.0.202411081344/tools/bin/../lib/gcc/arm-none-eabi/13.3.1/../../../../arm-none-eabi/lib/thumb/v7-m/nofp\libc_nano.a(libc_a-findfp.o)
                              E:/ST/STM32CubeIDE_1.19.0/STM32CubeIDE/plugins/com.st.stm32cube.ide.mcu.externaltools.gnu-tools-for-stm32.13.3.rel1.win32_1.0.0.202411081344/tools/bin/../lib/gcc/arm-none-eabi/13.3.1/../../../../arm-none-eabi/lib/thumb/v7-m/nofp\libc_nano.a(libc_a-exit.o) (__stdio_exit_handler)
E:/ST/STM32CubeIDE_1.19.0/STM32CubeIDE/plugins/com.st.stm32cube.ide.mcu.externaltools.gnu-tools-for-stm32.13.3.rel1.win32_1.0.0.202411081344/tools/bin/../lib/gcc/arm-none-eabi/13.3.1/../../../../arm-none-eabi/lib/thumb/v7-m/nofp\libc_nano.a(libc_a-fwalk.o)
                              E:/ST/STM32CubeIDE_1.19.0/STM32CubeIDE/plugins/com.st.stm32cube.ide.mcu.externaltools.gnu-tools-for-stm32.13.3.rel1.win32_1.0.0.202411081344/tools/bin/../lib/gcc/arm-none-eabi/13.3.1/../../../../arm-none-eabi/lib/thumb/v7-m/nofp\libc_nano.a(libc_a-findfp.o) (_fwalk_sglue)
E:/ST/STM32CubeIDE_1.19.0/STM32CubeIDE/plugins/com.st.stm32cube.ide.mcu.externaltools.gnu-tools-for-stm32.13.3.rel1.win32_1.0.0.202411081344/tools/bin/../lib/gcc/arm-none-eabi/13.3.1/../../../../arm-none-eabi/lib/thumb/v7-m/nofp\libc_nano.a(libc_a-stdio.o)
                              E:/ST/STM32CubeIDE_1.19.0/STM32CubeIDE/plugins/com.st.stm32cube.ide.mcu.externaltools.gnu-tools-for-stm32.13.3.rel1.win32_1.0.0.202411081344/tools/bin/../lib/gcc/arm-none-eabi/13.3.1/../../../../arm-none-eabi/lib/thumb/v7-m/nofp\libc_nano.a(libc_a-findfp.o) (__sread)
E:/ST/STM32CubeIDE_1.19.0/STM32CubeIDE/plugins/com.st.stm32cube.ide.mcu.externaltools.gnu-tools-for-stm32.13.3.rel1.win32_1.0.0.202411081344/tools/bin/../lib/gcc/arm-none-eabi/13.3.1/../../../../arm-none-eabi/lib/thumb/v7-m/nofp\libc_nano.a(libc_a-memset.o)
                              E:/ST/STM32CubeIDE_1.19.0/STM32CubeIDE/plugins/com.st.stm32cube.ide.mcu.externaltools.gnu-tools-for-stm32.13.3.rel1.win32_1.0.0.202411081344/tools/bin/../lib/gcc/arm-none-eabi/13.3.1/../../../../arm-none-eabi/lib/thumb/v7-m/nofp/crt0.o (memset)
E:/ST/STM32CubeIDE_1.19.0/STM32CubeIDE/plugins/com.st.stm32cube.ide.mcu.externaltools.gnu-tools-for-stm32.13.3.rel1.win32_1.0.0.202411081344/tools/bin/../lib/gcc/arm-none-eabi/13.3.1/../../../../arm-none-eabi/lib/thumb/v7-m/nofp\libc_nano.a(libc_a-localeconv.o)
                              E:/ST/STM32CubeIDE_1.19.0/STM32CubeIDE/plugins/com.st.stm32cube.ide.mcu.externaltools.gnu-tools-for-stm32.13.3.rel1.win32_1.0.0.202411081344/tools/bin/../lib/gcc/arm-none-eabi/13.3.1/../../../../arm-none-eabi/lib/thumb/v7-m/nofp\libc_nano.a(libc_a-nano-vfprintf_float.o) (_localeconv_r)
E:/ST/STM32CubeIDE_1.19.0/STM32CubeIDE/plugins/com.st.stm32cube.ide.mcu.externaltools.gnu-tools-for-stm32.13.3.rel1.win32_1.0.0.202411081344/tools/bin/../lib/gcc/arm-none-eabi/13.3.1/../../../../arm-none-eabi/lib/thumb/v7-m/nofp\libc_nano.a(libc_a-closer.o)
                              E:/ST/STM32CubeIDE_1.19.0/STM32CubeIDE/plugins/com.st.stm32cube.ide.mcu.externaltools.gnu-tools-for-stm32.13.3.rel1.win32_1.0.0.202411081344/tools/bin/../lib/gcc/arm-none-eabi/13.3.1/../../../../arm-none-eabi/lib/thumb/v7-m/nofp\libc_nano.a(libc_a-stdio.o) (_close_r)
[...]
Memory Configuration

Name             Origin             Length             Attributes
RAM              0x20000000         0x00005000         xrw
FLASH            0x08000000         0x00010000         xr
*default*        0x00000000         0xffffffff

Linker script and memory map

LOAD E:/ST/STM32CubeIDE_1.19.0/STM32CubeIDE/plugins/com.st.stm32cube.ide.mcu.externaltools.gnu-tools-for-stm32.13.3.rel1.win32_1.0.0.202411081344/tools/bin/../lib/gcc/arm-none-eabi/13.3.1/thumb/v7-m/nofp/crti.o
LOAD E:/ST/STM32CubeIDE_1.19.0/STM32CubeIDE/plugins/com.st.stm32cube.ide.mcu.externaltools.gnu-tools-for-stm32.13.3.rel1.win32_1.0.0.202411081344/tools/bin/../lib/gcc/arm-none-eabi/13.3.1/thumb/v7-m/nofp/crtbegin.o
LOAD E:/ST/STM32CubeIDE_1.19.0/STM32CubeIDE/plugins/com.st.stm32cube.ide.mcu.externaltools.gnu-tools-for-stm32.13.3.rel1.win32_1.0.0.202411081344/tools/bin/../lib/gcc/arm-none-eabi/13.3.1/../../../../arm-none-eabi/lib/thumb/v7-m/nofp/crt0.o
LOAD ./Core/Src/charge_control.o
LOAD ./Core/Src/daly_bms.o
LOAD ./Core/Src/debugger.o
LOAD ./Core/Src/freertos.o
LOAD ./Core/Src/ina219.o
LOAD ./Core/Src/main.o
LOAD ./Core/Src/modbus_rtu.o
LOAD ./Core/Src/sk60x.o
LOAD ./Core/Src/stm32f1xx_hal_msp.o
LOAD ./Core/Src/stm32f1xx_it.o
LOAD ./Core/Src/syscalls.o
LOAD ./Core/Src/sysmem.o
LOAD ./Core/Src/system_stm32f1xx.o
LOAD ./Core/Startup/startup_stm32f103c8tx.o
LOAD ./Drivers/STM32F1xx_HAL_Driver/Src/stm32f1xx_hal.o
LOAD ./Drivers/STM32F1xx_HAL_Driver/Src/stm32f1xx_hal_cortex.o
LOAD ./Drivers/STM32F1xx_HAL_Driver/Src/stm32f1xx_hal_dma.o
LOAD ./Drivers/STM32F1xx_HAL_Driver/Src/stm32f1xx_hal_exti.o
LOAD ./Drivers/STM32F1xx_HAL_Driver/Src/stm32f1xx_hal_flash.o
LOAD ./Drivers/STM32F1xx_HAL_Driver/Src/stm32f1xx_hal_flash_ex.o
LOAD ./Drivers/STM32F1xx_HAL_Driver/Src/stm32f1xx_hal_gpio.o
LOAD ./Drivers/STM32F1xx_HAL_Driver/Src/stm32f1xx_hal_gpio_ex.o
LOAD ./Drivers/STM32F1xx_HAL_Driver/Src/stm32f1xx_hal_i2c.o
LOAD ./Drivers/STM32F1xx_HAL_Driver/Src/stm32f1xx_hal_pcd.o
LOAD ./Drivers/STM32F1xx_HAL_Driver/Src/stm32f1xx_hal_pcd_ex.o
LOAD ./Drivers/STM32F1xx_HAL_Driver/Src/stm32f1xx_hal_pwr.o
LOAD ./Drivers/STM32F1xx_HAL_Driver/Src/stm32f1xx_hal_rcc.o
LOAD ./Drivers/STM32F1xx_HAL_Driver/Src/stm32f1xx_hal_rcc_ex.o
LOAD ./Drivers/STM32F1xx_HAL_Driver/Src/stm32f1xx_hal_tim.o
LOAD ./Drivers/STM32F1xx_HAL_Driver/Src/stm32f1xx_hal_tim_ex.o
LOAD ./Drivers/STM32F1xx_HAL_Driver/Src/stm32f1xx_hal_uart.o
LOAD ./Drivers/STM32F1xx_HAL_Driver/Src/stm32f1xx_ll_usb.o
LOAD ./Middlewares/ST/STM32_USB_Device_Library/Class/CDC/Src/usbd_cdc.o
LOAD ./Middlewares/ST/STM32_USB_Device_Library/Core/Src/usbd_core.o
LOAD ./Middlewares/ST/STM32_USB_Device_Library/Core/Src/usbd_ctlreq.o
LOAD ./Middlewares/ST/STM32_USB_Device_Library/Core/Src/usbd_ioreq.o
LOAD ./Middlewares/Third_Party/FreeRTOS/Source/CMSIS_RTOS/cmsis_os.o
LOAD ./Middlewares/Third_Party/FreeRTOS/Source/croutine.o
LOAD ./Middlewares/Third_Party/FreeRTOS/Source/event_groups.o
LOAD ./Middlewares/Third_Party/FreeRTOS/Source/list.o
LOAD ./Middlewares/Third_Party/FreeRTOS/Source/queue.o
LOAD ./Middlewares/Third_Party/FreeRTOS/Source/stream_buffer.o
LOAD ./Middlewares/Third_Party/FreeRTOS/Source/tasks.o
LOAD ./Middlewares/Third_Party/FreeRTOS/Source/timers.o
LOAD ./Middlewares/Third_Party/FreeRTOS/Source/portable/GCC/ARM_CM3/port.o
LOAD ./Middlewares/Third_Party/FreeRTOS/Source/portable/MemMang/heap_4.o
LOAD ./USB_DEVICE/App/usb_device.o
LOAD ./USB_DEVICE/App/usbd_cdc_if.o
LOAD ./USB_DEVICE/App/usbd_desc.o
LOAD ./USB_DEVICE/Target/usbd_conf.o
START GROUP
LOAD E:/ST/STM32CubeIDE_1.19.0/STM32CubeIDE/plugins/com.st.stm32cube.ide.mcu.externaltools.gnu-tools-for-stm32.13.3.rel1.win32_1.0.0.202411081344/tools/bin/../lib/gcc/arm-none-eabi/13.3.1/../../../../arm-none-eabi/lib/thumb/v7-m/nofp\libc_nano.a
LOAD E:/ST/STM32CubeIDE_1.19.0/STM32CubeIDE/plugins/com.st.stm32cube.ide.mcu.externaltools.gnu-tools-for-stm32.13.3.rel1.win32_1.0.0.202411081344/tools/bin/../lib/gcc/arm-none-eabi/13.3.1/../../../../arm-none-eabi/lib/thumb/v7-m/nofp\libm.a
END GROUP
START GROUP
LOAD E:/ST/STM32CubeIDE_1.19.0/STM32CubeIDE/plugins/com.st.stm32cube.ide.mcu.externaltools.gnu-tools-for-stm32.13.3.rel1.win32_1.0.0.202411081344/tools/bin/../lib/gcc/arm-none-eabi/13.3.1/thumb/v7-m/nofp\libgcc.a
LOAD E:/ST/STM32CubeIDE_1.19.0/STM32CubeIDE/plugins/com.st.stm32cube.ide.mcu.externaltools.gnu-tools-for-stm32.13.3.rel1.win32_1.0.0.202411081344/tools/bin/../lib/gcc/arm-none-eabi/13.3.1/../../../../arm-none-eabi/lib/thumb/v7-m/nofp\libc_nano.a
END GROUP
START GROUP
LOAD E:/ST/STM32CubeIDE_1.19.0/STM32CubeIDE/plugins/com.st.stm32cube.ide.mcu.externaltools.gnu-tools-for-stm32.13.3.rel1.win32_1.0.0.202411081344/tools/bin/../lib/gcc/arm-none-eabi/13.3.1/thumb/v7-m/nofp\libgcc.a
LOAD E:/ST/STM32CubeIDE_1.19.0/STM32CubeIDE/plugins/com.st.stm32cube.ide.mcu.externaltools.gnu-tools-for-stm32.13.3.rel1.win32_1.0.0.202411081344/tools/bin/../lib/gcc/arm-none-eabi/13.3.1/../../../../arm-none-eabi/lib/thumb/v7-m/nofp\libc_nano.a
LOAD E:/ST/STM32CubeIDE_1.19.0/STM32CubeIDE/plugins/com.st.stm32cube.ide.mcu.externaltools.gnu-tools-for-stm32.13.3.rel1.win32_1.0.0.202411081344/tools/bin/../lib/gcc/arm-none-eabi/13.3.1/../../../../arm-none-eabi/lib/thumb/v7-m/nofp\libnosys.a
END GROUP
START GROUP
LOAD E:/ST/STM32CubeIDE_1.19.0/STM32CubeIDE/plugins/com.st.stm32cube.ide.mcu.externaltools.gnu-tools-for-stm32.13.3.rel1.win32_1.0.0.202411081344/tools/bin/../lib/gcc/arm-none-eabi/13.3.1/thumb/v7-m/nofp\libgcc.a
LOAD E:/ST/STM32CubeIDE_1.19.0/STM32CubeIDE/plugins/com.st.stm32cube.ide.mcu.externaltools.gnu-tools-for-stm32.13.3.rel1.win32_1.0.0.202411081344/tools/bin/../lib/gcc/arm-none-eabi/13.3.1/../../../../arm-none-eabi/lib/thumb/v7-m/nofp\libc_nano.a
LOAD E:/ST/STM32CubeIDE_1.19.0/STM32CubeIDE/plugins/com.st.stm32cube.ide.mcu.externaltools.gnu-tools-for-stm32.13.3.rel1.win32_1.0.0.202411081344/tools/bin/../lib/gcc/arm-none-eabi/13.3.1/../../../../arm-none-eabi/lib/thumb/v7-m/nofp\libnosys.a
END GROUP
LOAD E:/ST/STM32CubeIDE_1.19.0/STM32CubeIDE/plugins/com.st.stm32cube.ide.mcu.externaltools.gnu-tools-for-stm32.13.3.rel1.win32_1.0.0.202411081344/tools/bin/../lib/gcc/arm-none-eabi/13.3.1/thumb/v7-m/nofp/crtend.o
LOAD E:/ST/STM32CubeIDE_1.19.0/STM32CubeIDE/plugins/com.st.stm32cube.ide.mcu.externaltools.gnu-tools-for-stm32.13.3.rel1.win32_1.0.0.202411081344/tools/bin/../lib/gcc/arm-none-eabi/13.3.1/thumb/v7-m/nofp/crtn.o
                0x20005000                        _estack = (ORIGIN (RAM) + LENGTH (RAM))
                0x00000200                        _Min_Heap_Size = 0x200
                0x00000400                        _Min_Stack_Size = 0x400

.isr_vector     0x08000000      0x10c
                0x08000000                        . = ALIGN (0x4)
 *(.isr_vector)
 .isr_vector    0x08000000      0x10c ./Core/Startup/startup_stm32f103c8tx.o
                0x08000000                g_pfnVectors
                0x0800010c                        . = ALIGN (0x4)

.text           0x08000110     0x9e84
                0x08000110                        . = ALIGN (0x4)
 *(.text)
 .text          0x08000110       0x40 E:/ST/STM32CubeIDE_1.19.0/STM32CubeIDE/plugins/com.st.stm32cube.ide.mcu.externaltools.gnu-tools-for-stm32.13.3.rel1.win32_1.0.0.202411081344/tools/bin/../lib/gcc/arm-none-eabi/13.3.1/thumb/v7-m/nofp/crtbegin.o
 .text          0x08000150       0x10 E:/ST/STM32CubeIDE_1.19.0/STM32CubeIDE/plugins/com.st.stm32cube.ide.mcu.externaltools.gnu-tools-for-stm32.13.3.rel1.win32_1.0.0.202411081344/tools/bin/../lib/gcc/arm-none-eabi/13.3.1/../../../../arm-none-eabi/lib/thumb/v7-m/nofp\libc_nano.a(libc_a-strlen.o)
                0x08000150                strlen
 .text          0x08000160      0x378 E:/ST/STM32CubeIDE_1.19.0/STM32CubeIDE/plugins/com.st.stm32cube.ide.mcu.externaltools.gnu-tools-for-stm32.13.3.rel1.win32_1.0.0.202411081344/tools/bin/../lib/gcc/arm-none-eabi/13.3.1/thumb/v7-m/nofp\libgcc.a(_arm_addsubdf3.o)
                0x08000160                __aeabi_drsub
                0x08000168                __aeabi_dsub
                0x08000168                __subdf3
                0x0800016c                __aeabi_dadd
                0x0800016c                __adddf3
                0x080003e4                __floatunsidf
                0x080003e4                __aeabi_ui2d
                0x08000404                __floatsidf
                0x08000404                __aeabi_i2d
                0x08000428                __aeabi_f2d
                0x08000428                __extendsfdf2
                0x0800046c                __floatundidf
                0x0800046c                __aeabi_ul2d
                0x0800047c                __floatdidf
                0x0800047c                __aeabi_l2d
 .text          0x080004d8      0x424 E:/ST/STM32CubeIDE_1.19.0/STM32CubeIDE/plugins/com.st.stm32cube.ide.mcu.externaltools.gnu-tools-for-stm32.13.3.rel1.win32_1.0.0.202411081344/tools/bin/../lib/gcc/arm-none-eabi/13.3.1/thumb/v7-m/nofp\libgcc.a(_arm_muldivdf3.o)
                0x080004d8                __aeabi_dmul
                0x080004d8                __muldf3
                0x0800072c                __divdf3
                0x0800072c                __aeabi_ddiv
 .text          0x080008fc      0x110 E:/ST/STM32CubeIDE_1.19.0/STM32CubeIDE/plugins/com.st.stm32cube.ide.mcu.externaltools.gnu-tools-for-stm32.13.3.rel1.win32_1.0.0.202411081344/tools/bin/../lib/gcc/arm-none-eabi/13.3.1/thumb/v7-m/nofp\libgcc.a(_arm_cmpdf2.o)
                0x080008fc                __gtdf2
                0x080008fc                __gedf2
                0x08000904                __ltdf2
                0x08000904                __ledf2
                0x0800090c                __nedf2
                0x0800090c                __eqdf2
                0x0800090c                __cmpdf2
                0x08000988                __aeabi_cdrcmple
                0x08000998                __aeabi_cdcmpeq
                0x08000998                __aeabi_cdcmple
                0x080009a8                __aeabi_dcmpeq
                0x080009bc                __aeabi_dcmplt
                0x080009d0                __aeabi_dcmple
                0x080009e4                __aeabi_dcmpge
                0x080009f8                __aeabi_dcmpgt
 .text          0x08000a0c       0x2c E:/ST/STM32CubeIDE_1.19.0/STM32CubeIDE/plugins/com.st.stm32cube.ide.mcu.externaltools.gnu-tools-for-stm32.13.3.rel1.win32_1.0.0.202411081344/tools/bin/../lib/gcc/arm-none-eabi/13.3.1/thumb/v7-m/nofp\libgcc.a(_arm_unorddf2.o)
                0x08000a0c                __unorddf2
                0x08000a0c                __aeabi_dcmpun
 .text          0x08000a38       0x50 E:/ST/STM32CubeIDE_1.19.0/STM32CubeIDE/plugins/com.st.stm32cube.ide.mcu.externaltools.gnu-tools-for-stm32.13.3.rel1.win32_1.0.0.202411081344/tools/bin/../lib/gcc/arm-none-eabi/13.3.1/thumb/v7-m/nofp\libgcc.a(_arm_fixdfsi.o)
                0x08000a38                __aeabi_d2iz
                0x08000a38                __fixdfsi
 .text          0x08000a88      0x21c E:/ST/STM32CubeIDE_1.19.0/STM32CubeIDE/plugins/com.st.stm32cube.ide.mcu.externaltools.gnu-tools-for-stm32.13.3.rel1.win32_1.0.0.202411081344/tools/bin/../lib/gcc/arm-none-eabi/13.3.1/thumb/v7-m/nofp\libgcc.a(_arm_addsubsf3.o)
                0x08000a88                __aeabi_frsub
                0x08000a90                __subsf3
                0x08000a90                __aeabi_fsub
                0x08000a94                __aeabi_fadd
                0x08000a94                __addsf3
                0x08000bf4                __aeabi_ui2f
                0x08000bf4                __floatunsisf
                0x08000bfc                __aeabi_i2f
                0x08000bfc                __floatsisf
                0x08000c18                __aeabi_ul2f
                0x08000c18                __floatundisf
                0x08000c28                __aeabi_l2f
                0x08000c28                __floatdisf
 .text          0x08000ca4      0x2a0 E:/ST/STM32CubeIDE_1.19.0/STM32CubeIDE/plugins/com.st.stm32cube.ide.mcu.externaltools.gnu-tools-for-stm32.13.3.rel1.win32_1.0.0.202411081344/tools/bin/../lib/gcc/arm-none-eabi/13.3.1/thumb/v7-m/nofp\libgcc.a(_arm_muldivsf3.o)
                0x08000ca4                __mulsf3
                0x08000ca4                __aeabi_fmul
                0x08000e0c                __aeabi_fdiv
                0x08000e0c                __divsf3
 .text          0x08000f44       0xec E:/ST/STM32CubeIDE_1.19.0/STM32CubeIDE/plugins/com.st.stm32cube.ide.mcu.externaltools.gnu-tools-for-stm32.13.3.rel1.win32_1.0.0.202411081344/tools/bin/../lib/gcc/arm-none-eabi/13.3.1/thumb/v7-m/nofp\libgcc.a(_arm_cmpsf2.o)
                0x08000f44                __gesf2
                0x08000f44                __gtsf2
                0x08000f4c                __lesf2
                0x08000f4c                __ltsf2
                0x08000f54                __nesf2
                0x08000f54                __eqsf2
                0x08000f54                __cmpsf2
                0x08000fb4                __aeabi_cfrcmple
                0x08000fbc                __aeabi_cfcmpeq
                0x08000fbc                __aeabi_cfcmple
                0x08000fcc                __aeabi_fcmpeq
                0x08000fe0                __aeabi_fcmplt
                0x08000ff4                __aeabi_fcmple
                0x08001008                __aeabi_fcmpge
                0x0800101c                __aeabi_fcmpgt
 .text          0x08001030       0x40 E:/ST/STM32CubeIDE_1.19.0/STM32CubeIDE/plugins/com.st.stm32cube.ide.mcu.externaltools.gnu-tools-for-stm32.13.3.rel1.win32_1.0.0.202411081344/tools/bin/../lib/gcc/arm-none-eabi/13.3.1/thumb/v7-m/nofp\libgcc.a(_arm_fixunssfsi.o)
                0x08001030                __fixunssfsi
                0x08001030                __aeabi_f2uiz
 *(.text*)
 .text.ChargeControl_CheckSK60XConditions
                0x08001070       0x28 ./Core/Src/charge_control.o
                0x08001070                ChargeControl_CheckSK60XConditions
 .text.ChargeControl_SetChargeRelay
                0x08001098       0x20 ./Core/Src/charge_control.o
                0x08001098                ChargeControl_SetChargeRelay
 .text.ChargeControl_HandleRequest
                0x080010b8       0x18 ./Core/Src/charge_control.o
                0x080010b8                ChargeControl_HandleRequest
 .text.ChargeControl_GetChargeStateForModbus
                0x080010d0       0x10 ./Core/Src/charge_control.o
                0x080010d0                ChargeControl_GetChargeStateForModbus
 .text.ChargeControl_Process
                0x080010e0       0x78 ./Core/Src/charge_control.o
                0x080010e0                ChargeControl_Process
 .text.DalyBMS_Request
                0x08001158       0x54 ./Core/Src/daly_bms.o
                0x08001158                DalyBMS_Request
 .text.DalyBMS_Recive
                0x080011ac       0x84 ./Core/Src/daly_bms.o
                0x080011ac                DalyBMS_Recive
 .text.DalyBMS_Get_Pack_Data
                0x08001230       0x7c ./Core/Src/daly_bms.o
                0x08001230                DalyBMS_Get_Pack_Data
 .text.DalyBMS_Get_Min_Max_Cell_Voltage
                0x080012ac       0x40 ./Core/Src/daly_bms.o
                0x080012ac                DalyBMS_Get_Min_Max_Cell_Voltage
 .text.DalyBMS_Get_Pack_Temperature
                0x080012ec       0x38 ./Core/Src/daly_bms.o
                0x080012ec                DalyBMS_Get_Pack_Temperature
 .text.DalyBMS_Get_Charge_Discharge_Status
                0x08001324       0x58 ./Core/Src/daly_bms.o
                0x08001324                DalyBMS_Get_Charge_Discharge_Status
 .text.DalyBMS_Get_Status_Info
                0x0800137c       0x50 ./Core/Src/daly_bms.o
                0x0800137c                DalyBMS_Get_Status_Info
 .text.DalyBMS_Get_Cell_Voltages
                0x080013cc       0xac ./Core/Src/daly_bms.o
                0x080013cc                DalyBMS_Get_Cell_Voltages
 .text.DalyBMS_Get_Cell_Temperatures
                0x08001478       0x4c ./Core/Src/daly_bms.o
                0x08001478                DalyBMS_Get_Cell_Temperatures
 .text.DalyBMS_Get_Cell_Balance_State
                0x080014c4       0x88 ./Core/Src/daly_bms.o
                0x080014c4                DalyBMS_Get_Cell_Balance_State
 .text.DalyBMS_Get_Failure_Codes
                0x0800154c      0x358 ./Core/Src/daly_bms.o
                0x0800154c                DalyBMS_Get_Failure_Codes
 .text.DalyBMS_Get_Voltage_Thresholds
                0x080018a4       0x40 ./Core/Src/daly_bms.o
                0x080018a4                DalyBMS_Get_Voltage_Thresholds
 .text.DalyBMS_Get_Pack_Thresholds
                0x080018e4       0x40 ./Core/Src/daly_bms.o
                0x080018e4                DalyBMS_Get_Pack_Thresholds
 .text.DalyBMS_On_Request_Done
                0x08001924        0x2 ./Core/Src/daly_bms.o
                0x08001924                DalyBMS_On_Request_Done
 *fill*         0x08001926        0x2 
 .text.DalyBMS_Clear_Get
                0x08001928        0xc ./Core/Src/daly_bms.o
                0x08001928                DalyBMS_Clear_Get
 .text.DalyBMS_Set_Callback
                0x08001934        0xc ./Core/Src/daly_bms.o
                0x08001934                DalyBMS_Set_Callback
 .text.DalyBMS_TxCpltCallback
                0x08001940       0x1c ./Core/Src/daly_bms.o
                0x08001940                DalyBMS_TxCpltCallback
 .text.DalyBMS_RxCpltCallback
                0x0800195c       0x2c ./Core/Src/daly_bms.o
                0x0800195c                DalyBMS_RxCpltCallback
 .text.vApplicationGetIdleTaskMemory
                0x08001988       0x18 ./Core/Src/freertos.o
                0x08001988                vApplicationGetIdleTaskMemory
 .text.INA219_ReadRegister
                0x080019a0       0x3c ./Core/Src/ina219.o
 .text.INA219_WriteRegister.isra.0
                0x080019dc       0x26 ./Core/Src/ina219.o
 *fill*         0x08001a02        0x2 
 .text.INA219_Init
                0x08001a04       0x60 ./Core/Src/ina219.o
                0x08001a04                INA219_Init
 .text.INA219_Read_Bus_Voltage
                0x08001a64       0x38 ./Core/Src/ina219.o
                0x08001a64                INA219_Read_Bus_Voltage
 .text.INA219_Read_Current
                0x08001a9c       0x34 ./Core/Src/ina219.o
                0x08001a9c                INA219_Read_Current
 .text.INA219_Read_Power
                0x08001ad0       0x34 ./Core/Src/ina219.o
                0x08001ad0                INA219_Read_Power
 .text.StartDefaultTask
                0x08001b04       0x84 ./Core/Src/main.o
                0x08001b04                StartDefaultTask
 .text.StartBMSTask
                0x08001b88      0x12c ./Core/Src/main.o
                0x08001b88                StartBMSTask
 .text.StartSK60xTask
                0x08001cb4        0xe ./Core/Src/main.o
                0x08001cb4                StartSK60xTask
 *fill*         0x08001cc2        0x2 
 .text.StartTaskModbus
                0x08001cc4       0x34 ./Core/Src/main.o
                0x08001cc4                StartTaskModbus
 .text.HAL_UART_RxCpltCallback
                0x08001cf8       0x20 ./Core/Src/main.o
                0x08001cf8                HAL_UART_RxCpltCallback
 .text.HAL_UART_TxCpltCallback
                0x08001d18       0x14 ./Core/Src/main.o
                0x08001d18                HAL_UART_TxCpltCallback
 .text.HAL_UART_ErrorCallback
                0x08001d2c       0x3c ./Core/Src/main.o
                0x08001d2c                HAL_UART_ErrorCallback
 .text.Error_Handler
                0x08001d68        0xc ./Core/Src/main.o
                0x08001d68                Error_Handler
 .text.SystemClock_Config
                0x08001d74       0x78 ./Core/Src/main.o
                0x08001d74                SystemClock_Config
 .text.startup.main
                0x08001dec      0x2d4 ./Core/Src/main.o
                0x08001dec                main
 .text.ModbusRTU_Init
                0x080020c0       0x6c ./Core/Src/modbus_rtu.o
                0x080020c0                ModbusRTU_Init
 .text.ModbusRTU_CalculateCRC
                0x0800212c       0x34 ./Core/Src/modbus_rtu.o
                0x0800212c                ModbusRTU_CalculateCRC
 .text.ModbusRTU_CheckCRC
                0x08002160       0x2c ./Core/Src/modbus_rtu.o
                0x08002160                ModbusRTU_CheckCRC
 .text.ModbusRTU_SendResponse
                0x0800218c       0x80 ./Core/Src/modbus_rtu.o
                0x0800218c                ModbusRTU_SendResponse
 .text.ModbusRTU_SendException
                0x0800220c       0x24 ./Core/Src/modbus_rtu.o
                0x0800220c                ModbusRTU_SendException
 .text.ModbusRTU_ReadRegister
                0x08002230      0x404 ./Core/Src/modbus_rtu.o
                0x08002230                ModbusRTU_ReadRegister
 .text.ModbusRTU_WriteRegister
                0x08002634       0xe0 ./Core/Src/modbus_rtu.o
                0x08002634                ModbusRTU_WriteRegister
 .text.ModbusRTU_ReadHoldingRegisters
                0x08002714       0x8c ./Core/Src/modbus_rtu.o
                0x08002714                ModbusRTU_ReadHoldingRegisters
 .text.ModbusRTU_WriteSingleRegister
                0x080027a0       0x46 ./Core/Src/modbus_rtu.o
                0x080027a0                ModbusRTU_WriteSingleRegister
 *fill*         0x080027e6        0x2 
 .text.ModbusRTU_WriteMultipleRegisters
                0x080027e8       0xb4 ./Core/Src/modbus_rtu.o
                0x080027e8                ModbusRTU_WriteMultipleRegisters
 .text.ModbusRTU_ProcessFrame
                0x0800289c       0x98 ./Core/Src/modbus_rtu.o
                0x0800289c                ModbusRTU_ProcessFrame
 .text.ModbusRTU_RxCpltCallback
                0x08002934       0x50 ./Core/Src/modbus_rtu.o
                0x08002934                ModbusRTU_RxCpltCallback
 .text.ModbusRTU_Reset
                0x08002984       0x34 ./Core/Src/modbus_rtu.o
                0x08002984                ModbusRTU_Reset
 .text.ModbusRTU_ErrorCallback
                0x080029b8       0x28 ./Core/Src/modbus_rtu.o
                0x080029b8                ModbusRTU_ErrorCallback
 .text.ModbusRTU_Process
                0x080029e0       0x78 ./Core/Src/modbus_rtu.o
                0x080029e0                ModbusRTU_Process
 .text.Calculate_CRC.constprop.0
                0x08002a58       0x34 ./Core/Src/sk60x.o
 .text.SK60X_Send_Command
                0x08002a8c       0x40 ./Core/Src/sk60x.o
 .text.SK60X_Read_Data
                0x08002acc       0xc0 ./Core/Src/sk60x.o
                0x08002acc                SK60X_Read_Data
 .text.SK60X_Set_On_Off
                0x08002b8c       0x10 ./Core/Src/sk60x.o
                0x08002b8c                SK60X_Set_On_Off
 .text.SK60X_Set_Lock
                0x08002b9c       0x10 ./Core/Src/sk60x.o
                0x08002b9c                SK60X_Set_Lock
 .text.SK60X_Set_Voltage
                0x08002bac       0x1a ./Core/Src/sk60x.o
                0x08002bac                SK60X_Set_Voltage
 .text.SK60X_Set_Current
                0x08002bc6       0x12 ./Core/Src/sk60x.o
                0x08002bc6                SK60X_Set_Current
 .text.HAL_MspInit
                0x08002bd8       0x50 ./Core/Src/stm32f1xx_hal_msp.o
                0x08002bd8                HAL_MspInit
 .text.HAL_I2C_MspInit
                0x08002c28       0x64 ./Core/Src/stm32f1xx_hal_msp.o
                0x08002c28                HAL_I2C_MspInit
 .text.HAL_TIM_Base_MspInit
                0x08002c8c       0x3c ./Core/Src/stm32f1xx_hal_msp.o
                0x08002c8c                HAL_TIM_Base_MspInit
 .text.HAL_UART_MspInit
                0x08002cc8      0x158 ./Core/Src/stm32f1xx_hal_msp.o
                0x08002cc8                HAL_UART_MspInit
 .text.NMI_Handler
                0x08002e20        0x2 ./Core/Src/stm32f1xx_it.o
                0x08002e20                NMI_Handler
 .text.HardFault_Handler
                0x08002e22        0x2 ./Core/Src/stm32f1xx_it.o
                0x08002e22                HardFault_Handler
 .text.MemManage_Handler
                0x08002e24        0x2 ./Core/Src/stm32f1xx_it.o
                0x08002e24                MemManage_Handler
 .text.BusFault_Handler
                0x08002e26        0x2 ./Core/Src/stm32f1xx_it.o
                0x08002e26                BusFault_Handler
 .text.UsageFault_Handler
                0x08002e28        0x2 ./Core/Src/stm32f1xx_it.o
                0x08002e28                UsageFault_Handler
 .text.DebugMon_Handler
                0x08002e2a        0x2 ./Core/Src/stm32f1xx_it.o
                0x08002e2a                DebugMon_Handler
 .text.SysTick_Handler
                0x08002e2c       0x18 ./Core/Src/stm32f1xx_it.o
                0x08002e2c                SysTick_Handler
 .text.USB_LP_CAN1_RX0_IRQHandler
                0x08002e44        0xc ./Core/Src/stm32f1xx_it.o
                0x08002e44                USB_LP_CAN1_RX0_IRQHandler
 .text.TIM2_IRQHandler
                0x08002e50        0xc ./Core/Src/stm32f1xx_it.o
                0x08002e50                TIM2_IRQHandler
 .text.USART1_IRQHandler
                0x08002e5c        0xc ./Core/Src/stm32f1xx_it.o
                0x08002e5c                USART1_IRQHandler
 .text.USART2_IRQHandler
                0x08002e68        0xc ./Core/Src/stm32f1xx_it.o
                0x08002e68                USART2_IRQHandler
 .text.USART3_IRQHandler
                0x08002e74        0xc ./Core/Src/stm32f1xx_it.o
                0x08002e74                USART3_IRQHandler
 .text._getpid  0x08002e80        0x4 ./Core/Src/syscalls.o
                0x08002e80                _getpid
 .text._kill    0x08002e84       0x10 ./Core/Src/syscalls.o
                0x08002e84                _kill
 .text._exit    0x08002e94        0xc ./Core/Src/syscalls.o
                0x08002e94                _exit
 .text._read    0x08002ea0       0x1c ./Core/Src/syscalls.o
                0x08002ea0                _read
 .text._write   0x08002ebc       0x1c ./Core/Src/syscalls.o
                0x08002ebc                _write
 .text._close   0x08002ed8        0x6 ./Core/Src/syscalls.o
                0x08002ed8                _close
 .text._fstat   0x08002ede        0xa ./Core/Src/syscalls.o
                0x08002ede                _fstat
 .text._isatty  0x08002ee8        0x4 ./Core/Src/syscalls.o
                0x08002ee8                _isatty
 .text._lseek   0x08002eec        0x4 ./Core/Src/syscalls.o
                0x08002eec                _lseek
 .text._sbrk    0x08002ef0       0x40 ./Core/Src/sysmem.o
                0x08002ef0                _sbrk
 .text.SystemInit
                0x08002f30        0x2 ./Core/Src/system_stm32f1xx.o
                0x08002f30                SystemInit
 *fill*         0x08002f32        0x2 
 .text.Reset_Handler
                0x08002f34       0x48 ./Core/Startup/startup_stm32f103c8tx.o
                0x08002f34                Reset_Handler
 .text.Default_Handler
                0x08002f7c        0x2 ./Core/Startup/startup_stm32f103c8tx.o
                0x08002f7c                RTC_Alarm_IRQHandler
                0x08002f7c                EXTI2_IRQHandler
                0x08002f7c                TIM1_CC_IRQHandler
                0x08002f7c                PVD_IRQHandler
                0x08002f7c                EXTI3_IRQHandler
                0x08002f7c                EXTI0_IRQHandler
                0x08002f7c                I2C2_EV_IRQHandler
                0x08002f7c                ADC1_2_IRQHandler
                0x08002f7c                SPI1_IRQHandler
                0x08002f7c                TAMPER_IRQHandler
                0x08002f7c                DMA1_Channel4_IRQHandler
                0x08002f7c                RTC_IRQHandler
                0x08002f7c                DMA1_Channel7_IRQHandler
                0x08002f7c                CAN1_RX1_IRQHandler
                0x08002f7c                TIM4_IRQHandler
                0x08002f7c                I2C1_EV_IRQHandler
                0x08002f7c                DMA1_Channel6_IRQHandler
                0x08002f7c                TIM3_IRQHandler
                0x08002f7c                RCC_IRQHandler
                0x08002f7c                TIM1_TRG_COM_IRQHandler
                0x08002f7c                DMA1_Channel1_IRQHandler
                0x08002f7c                Default_Handler
                0x08002f7c                EXTI15_10_IRQHandler
                0x08002f7c                EXTI9_5_IRQHandler
                0x08002f7c                SPI2_IRQHandler
                0x08002f7c                DMA1_Channel5_IRQHandler
                0x08002f7c                EXTI4_IRQHandler
                0x08002f7c                USB_HP_CAN1_TX_IRQHandler
                0x08002f7c                DMA1_Channel3_IRQHandler
                0x08002f7c                TIM1_UP_IRQHandler
                0x08002f7c                WWDG_IRQHandler
                0x08002f7c                TIM1_BRK_IRQHandler
                0x08002f7c                EXTI1_IRQHandler
                0x08002f7c                I2C2_ER_IRQHandler
                0x08002f7c                DMA1_Channel2_IRQHandler
                0x08002f7c                CAN1_SCE_IRQHandler
                0x08002f7c                FLASH_IRQHandler
                0x08002f7c                I2C1_ER_IRQHandler
                0x08002f7c                USBWakeUp_IRQHandler
 *fill*         0x08002f7e        0x2 
 .text.HAL_InitTick
                0x08002f80       0x48 ./Drivers/STM32F1xx_HAL_Driver/Src/stm32f1xx_hal.o
                0x08002f80                HAL_InitTick
 .text.HAL_Init
                0x08002fc8       0x24 ./Drivers/STM32F1xx_HAL_Driver/Src/stm32f1xx_hal.o
                0x08002fc8                HAL_Init
 .text.HAL_IncTick
                0x08002fec       0x18 ./Drivers/STM32F1xx_HAL_Driver/Src/stm32f1xx_hal.o
                0x08002fec                HAL_IncTick
 .text.HAL_GetTick
                0x08003004        0xc ./Drivers/STM32F1xx_HAL_Driver/Src/stm32f1xx_hal.o
                0x08003004                HAL_GetTick
 .text.HAL_Delay
                0x08003010       0x24 ./Drivers/STM32F1xx_HAL_Driver/Src/stm32f1xx_hal.o
                0x08003010                HAL_Delay
 .text.HAL_NVIC_SetPriorityGrouping
                0x08003034       0x24 ./Drivers/STM32F1xx_HAL_Driver/Src/stm32f1xx_hal_cortex.o
                0x08003034                HAL_NVIC_SetPriorityGrouping
 .text.HAL_NVIC_SetPriority
                0x08003058       0x60 ./Drivers/STM32F1xx_HAL_Driver/Src/stm32f1xx_hal_cortex.o
                0x08003058                HAL_NVIC_SetPriority
 .text.HAL_NVIC_EnableIRQ
                0x080030b8       0x1c ./Drivers/STM32F1xx_HAL_Driver/Src/stm32f1xx_hal_cortex.o
                0x080030b8                HAL_NVIC_EnableIRQ
 .text.HAL_SYSTICK_Config
                0x080030d4       0x28 ./Drivers/STM32F1xx_HAL_Driver/Src/stm32f1xx_hal_cortex.o
                0x080030d4                HAL_SYSTICK_Config
 .text.HAL_DMA_Abort
                0x080030fc       0x3e ./Drivers/STM32F1xx_HAL_Driver/Src/stm32f1xx_hal_dma.o
                0x080030fc                HAL_DMA_Abort
 *fill*         0x0800313a        0x2 
 .text.HAL_DMA_Abort_IT
                0x0800313c       0x8c ./Drivers/STM32F1xx_HAL_Driver/Src/stm32f1xx_hal_dma.o
                0x0800313c                HAL_DMA_Abort_IT
 .text.HAL_DMA_GetError
                0x080031c8        0x4 ./Drivers/STM32F1xx_HAL_Driver/Src/stm32f1xx_hal_dma.o
                0x080031c8                HAL_DMA_GetError
 .text.HAL_GPIO_Init
                0x080031cc      0x1a8 ./Drivers/STM32F1xx_HAL_Driver/Src/stm32f1xx_hal_gpio.o
                0x080031cc                HAL_GPIO_Init
 .text.HAL_GPIO_ReadPin
                0x08003374        0xc ./Drivers/STM32F1xx_HAL_Driver/Src/stm32f1xx_hal_gpio.o
                0x08003374                HAL_GPIO_ReadPin
 .text.HAL_GPIO_WritePin
                0x08003380        0xa ./Drivers/STM32F1xx_HAL_Driver/Src/stm32f1xx_hal_gpio.o
                0x08003380                HAL_GPIO_WritePin
 .text.HAL_GPIO_TogglePin
                0x0800338a       0x12 ./Drivers/STM32F1xx_HAL_Driver/Src/stm32f1xx_hal_gpio.o
                0x0800338a                HAL_GPIO_TogglePin
 .text.I2C_IsAcknowledgeFailed
                0x0800339c       0x32 ./Drivers/STM32F1xx_HAL_Driver/Src/stm32f1xx_hal_i2c.o
 .text.I2C_WaitOnFlagUntilTimeout
                0x080033ce       0x80 ./Drivers/STM32F1xx_HAL_Driver/Src/stm32f1xx_hal_i2c.o
 .text.I2C_WaitOnMasterAddressFlagUntilTimeout
                0x0800344e       0x84 ./Drivers/STM32F1xx_HAL_Driver/Src/stm32f1xx_hal_i2c.o
 .text.I2C_WaitOnTXEFlagUntilTimeout
                0x080034d2       0x54 ./Drivers/STM32F1xx_HAL_Driver/Src/stm32f1xx_hal_i2c.o
 .text.I2C_WaitOnBTFFlagUntilTimeout
                0x08003526       0x54 ./Drivers/STM32F1xx_HAL_Driver/Src/stm32f1xx_hal_i2c.o
 .text.I2C_WaitOnRXNEFlagUntilTimeout
                0x0800357a       0x66 ./Drivers/STM32F1xx_HAL_Driver/Src/stm32f1xx_hal_i2c.o
 .text.HAL_I2C_Init
                0x080035e0      0x150 ./Drivers/STM32F1xx_HAL_Driver/Src/stm32f1xx_hal_i2c.o
                0x080035e0                HAL_I2C_Init
 .text.HAL_I2C_Master_Transmit
                0x08003730      0x1b4 ./Drivers/STM32F1xx_HAL_Driver/Src/stm32f1xx_hal_i2c.o
                0x08003730                HAL_I2C_Master_Transmit
 .text.HAL_I2C_Master_Receive
                0x080038e4      0x358 ./Drivers/STM32F1xx_HAL_Driver/Src/stm32f1xx_hal_i2c.o
                0x080038e4                HAL_I2C_Master_Receive
 .text.HAL_PCD_SetAddress
                0x08003c3c       0x26 ./Drivers/STM32F1xx_HAL_Driver/Src/stm32f1xx_hal_pcd.o
                0x08003c3c                HAL_PCD_SetAddress
 *fill*         0x08003c62        0x2 
 .text.HAL_PCD_IRQHandler
                0x08003c64      0xa08 ./Drivers/STM32F1xx_HAL_Driver/Src/stm32f1xx_hal_pcd.o
                0x08003c64                HAL_PCD_IRQHandler
 .text.HAL_PCD_EP_Open
                0x0800466c       0x60 ./Drivers/STM32F1xx_HAL_Driver/Src/stm32f1xx_hal_pcd.o
                0x0800466c                HAL_PCD_EP_Open
 .text.HAL_PCD_EP_Receive
                0x080046cc       0x2e ./Drivers/STM32F1xx_HAL_Driver/Src/stm32f1xx_hal_pcd.o
                0x080046cc                HAL_PCD_EP_Receive
 .text.HAL_PCD_EP_Transmit
                0x080046fa       0x30 ./Drivers/STM32F1xx_HAL_Driver/Src/stm32f1xx_hal_pcd.o
                0x080046fa                HAL_PCD_EP_Transmit
 .text.HAL_PCD_EP_SetStall
                0x0800472a       0x6c ./Drivers/STM32F1xx_HAL_Driver/Src/stm32f1xx_hal_pcd.o
                0x0800472a                HAL_PCD_EP_SetStall
 .text.HAL_PCD_EP_ClrStall
                0x08004796       0x64 ./Drivers/STM32F1xx_HAL_Driver/Src/stm32f1xx_hal_pcd.o
                0x08004796                HAL_PCD_EP_ClrStall
 *fill*         0x080047fa        0x2 
 .text.HAL_RCC_OscConfig
                0x080047fc      0x338 ./Drivers/STM32F1xx_HAL_Driver/Src/stm32f1xx_hal_rcc.o
                0x080047fc                HAL_RCC_OscConfig
 .text.HAL_RCC_GetSysClockFreq
                0x08004b34       0x4c ./Drivers/STM32F1xx_HAL_Driver/Src/stm32f1xx_hal_rcc.o
                0x08004b34                HAL_RCC_GetSysClockFreq
 .text.HAL_RCC_ClockConfig
                0x08004b80      0x138 ./Drivers/STM32F1xx_HAL_Driver/Src/stm32f1xx_hal_rcc.o
                0x08004b80                HAL_RCC_ClockConfig
 .text.HAL_RCC_GetPCLK1Freq
                0x08004cb8       0x20 ./Drivers/STM32F1xx_HAL_Driver/Src/stm32f1xx_hal_rcc.o
                0x08004cb8                HAL_RCC_GetPCLK1Freq
 .text.HAL_RCC_GetPCLK2Freq
                0x08004cd8       0x20 ./Drivers/STM32F1xx_HAL_Driver/Src/stm32f1xx_hal_rcc.o
                0x08004cd8                HAL_RCC_GetPCLK2Freq
 .text.HAL_RCCEx_PeriphCLKConfig
                0x08004cf8       0xf4 ./Drivers/STM32F1xx_HAL_Driver/Src/stm32f1xx_hal_rcc_ex.o
                0x08004cf8                HAL_RCCEx_PeriphCLKConfig
 .text.HAL_TIM_PeriodElapsedCallback
                0x08004dec        0x2 ./Drivers/STM32F1xx_HAL_Driver/Src/stm32f1xx_hal_tim.o
                0x08004dec                HAL_TIM_PeriodElapsedCallback
 .text.HAL_TIM_OC_DelayElapsedCallback
                0x08004dee        0x2 ./Drivers/STM32F1xx_HAL_Driver/Src/stm32f1xx_hal_tim.o
                0x08004dee                HAL_TIM_OC_DelayElapsedCallback
 .text.HAL_TIM_IC_CaptureCallback
                0x08004df0        0x2 ./Drivers/STM32F1xx_HAL_Driver/Src/stm32f1xx_hal_tim.o
                0x08004df0                HAL_TIM_IC_CaptureCallback
 .text.HAL_TIM_PWM_PulseFinishedCallback
                0x08004df2        0x2 ./Drivers/STM32F1xx_HAL_Driver/Src/stm32f1xx_hal_tim.o
                0x08004df2                HAL_TIM_PWM_PulseFinishedCallback
 .text.HAL_TIM_TriggerCallback
                0x08004df4        0x2 ./Drivers/STM32F1xx_HAL_Driver/Src/stm32f1xx_hal_tim.o
                0x08004df4                HAL_TIM_TriggerCallback
 .text.HAL_TIM_IRQHandler
                0x08004df6      0x128 ./Drivers/STM32F1xx_HAL_Driver/Src/stm32f1xx_hal_tim.o
                0x08004df6                HAL_TIM_IRQHandler
 *fill*         0x08004f1e        0x2 
 .text.TIM_Base_SetConfig
                0x08004f20       0x64 ./Drivers/STM32F1xx_HAL_Driver/Src/stm32f1xx_hal_tim.o
                0x08004f20                TIM_Base_SetConfig
 .text.HAL_TIM_Base_Init
                0x08004f84       0x58 ./Drivers/STM32F1xx_HAL_Driver/Src/stm32f1xx_hal_tim.o
                0x08004f84                HAL_TIM_Base_Init
 .text.TIM_ETR_SetConfig
                0x08004fdc       0x14 ./Drivers/STM32F1xx_HAL_Driver/Src/stm32f1xx_hal_tim.o
                0x08004fdc                TIM_ETR_SetConfig
 .text.HAL_TIM_ConfigClockSource
                0x08004ff0      0x132 ./Drivers/STM32F1xx_HAL_Driver/Src/stm32f1xx_hal_tim.o
                0x08004ff0                HAL_TIM_ConfigClockSource
 *fill*         0x08005122        0x2 
 .text.HAL_TIMEx_MasterConfigSynchronization
                0x08005124       0x5c ./Drivers/STM32F1xx_HAL_Driver/Src/stm32f1xx_hal_tim_ex.o
                0x08005124                HAL_TIMEx_MasterConfigSynchronization
 .text.HAL_TIMEx_CommutCallback
                0x08005180        0x2 ./Drivers/STM32F1xx_HAL_Driver/Src/stm32f1xx_hal_tim_ex.o
                0x08005180                HAL_TIMEx_CommutCallback
 .text.HAL_TIMEx_BreakCallback
                0x08005182        0x2 ./Drivers/STM32F1xx_HAL_Driver/Src/stm32f1xx_hal_tim_ex.o
                0x08005182                HAL_TIMEx_BreakCallback
 .text.UART_EndRxTransfer
                0x08005184       0x5c ./Drivers/STM32F1xx_HAL_Driver/Src/stm32f1xx_hal_uart.o
 .text.UART_SetConfig
                0x080051e0       0x74 ./Drivers/STM32F1xx_HAL_Driver/Src/stm32f1xx_hal_uart.o
 .text.UART_WaitOnFlagUntilTimeout.constprop.0
                0x08005254       0x64 ./Drivers/STM32F1xx_HAL_Driver/Src/stm32f1xx_hal_uart.o
 .text.HAL_UART_Init
                0x080052b8       0x5e ./Drivers/STM32F1xx_HAL_Driver/Src/stm32f1xx_hal_uart.o
                0x080052b8                HAL_UART_Init
 .text.HAL_UART_Transmit
                0x08005316       0x9c ./Drivers/STM32F1xx_HAL_Driver/Src/stm32f1xx_hal_uart.o
                0x08005316                HAL_UART_Transmit
 .text.HAL_UART_Receive
                0x080053b2       0xae ./Drivers/STM32F1xx_HAL_Driver/Src/stm32f1xx_hal_uart.o
                0x080053b2                HAL_UART_Receive
 .text.HAL_UART_Abort
                0x08005460       0xdc ./Drivers/STM32F1xx_HAL_Driver/Src/stm32f1xx_hal_uart.o
                0x08005460                HAL_UART_Abort
 .text.UART_DMAAbortOnError
                0x0800553c       0x10 ./Drivers/STM32F1xx_HAL_Driver/Src/stm32f1xx_hal_uart.o
 .text.HAL_UART_AbortReceiveCpltCallback
                0x0800554c        0x2 ./Drivers/STM32F1xx_HAL_Driver/Src/stm32f1xx_hal_uart.o
                0x0800554c                HAL_UART_AbortReceiveCpltCallback
 *fill*         0x0800554e        0x2 
 .text.HAL_UART_AbortReceive_IT
                0x08005550       0xb0 ./Drivers/STM32F1xx_HAL_Driver/Src/stm32f1xx_hal_uart.o
                0x08005550                HAL_UART_AbortReceive_IT
 .text.UART_DMARxOnlyAbortCallback
                0x08005600       0x16 ./Drivers/STM32F1xx_HAL_Driver/Src/stm32f1xx_hal_uart.o
 .text.HAL_UARTEx_RxEventCallback
                0x08005616        0x2 ./Drivers/STM32F1xx_HAL_Driver/Src/stm32f1xx_hal_uart.o
                0x08005616                HAL_UARTEx_RxEventCallback
 .text.UART_Receive_IT.isra.0
                0x08005618       0xb6 ./Drivers/STM32F1xx_HAL_Driver/Src/stm32f1xx_hal_uart.o
 *fill*         0x080056ce        0x2 
 .text.HAL_UART_IRQHandler
                0x080056d0      0x294 ./Drivers/STM32F1xx_HAL_Driver/Src/stm32f1xx_hal_uart.o
                0x080056d0                HAL_UART_IRQHandler
 .text.UART_Start_Receive_IT
                0x08005964       0x32 ./Drivers/STM32F1xx_HAL_Driver/Src/stm32f1xx_hal_uart.o
                0x08005964                UART_Start_Receive_IT
 .text.HAL_UART_Receive_IT
                0x08005996       0x22 ./Drivers/STM32F1xx_HAL_Driver/Src/stm32f1xx_hal_uart.o
                0x08005996                HAL_UART_Receive_IT
 .text.USB_ActivateEndpoint
                0x080059b8      0x2c0 ./Drivers/STM32F1xx_HAL_Driver/Src/stm32f1xx_ll_usb.o
                0x080059b8                USB_ActivateEndpoint
 .text.USB_EPSetStall
                0x08005c78       0x40 ./Drivers/STM32F1xx_HAL_Driver/Src/stm32f1xx_ll_usb.o
                0x08005c78                USB_EPSetStall
 .text.USB_EPClearStall
                0x08005cb8       0x92 ./Drivers/STM32F1xx_HAL_Driver/Src/stm32f1xx_ll_usb.o
                0x08005cb8                USB_EPClearStall
 .text.USB_SetDevAddress
                0x08005d4a        0xc ./Drivers/STM32F1xx_HAL_Driver/Src/stm32f1xx_ll_usb.o
                0x08005d4a                USB_SetDevAddress
 .text.USB_ReadInterrupts
                0x08005d56        0x8 ./Drivers/STM32F1xx_HAL_Driver/Src/stm32f1xx_ll_usb.o
                0x08005d56                USB_ReadInterrupts
 .text.USB_EP0_OutStart
                0x08005d5e        0x4 ./Drivers/STM32F1xx_HAL_Driver/Src/stm32f1xx_ll_usb.o
                0x08005d5e                USB_EP0_OutStart
 .text.USB_WritePMA
                0x08005d62       0x20 ./Drivers/STM32F1xx_HAL_Driver/Src/stm32f1xx_ll_usb.o
                0x08005d62                USB_WritePMA
 .text.USB_EPStartXfer
                0x08005d82      0x46a ./Drivers/STM32F1xx_HAL_Driver/Src/stm32f1xx_ll_usb.o
                0x08005d82                USB_EPStartXfer
 .text.USB_ReadPMA
                0x080061ec       0x38 ./Drivers/STM32F1xx_HAL_Driver/Src/stm32f1xx_ll_usb.o
                0x080061ec                USB_ReadPMA
 .text.USBD_SetClassConfig
                0x08006224       0x1a ./Middlewares/ST/STM32_USB_Device_Library/Core/Src/usbd_core.o
                0x08006224                USBD_SetClassConfig
 .text.USBD_ClrClassConfig
                0x0800623e        0xe ./Middlewares/ST/STM32_USB_Device_Library/Core/Src/usbd_core.o
                0x0800623e                USBD_ClrClassConfig
 .text.USBD_LL_SetupStage
                0x0800624c       0x5a ./Middlewares/ST/STM32_USB_Device_Library/Core/Src/usbd_core.o
                0x0800624c                USBD_LL_SetupStage
 .text.USBD_LL_DataOutStage
                0x080062a6       0x70 ./Middlewares/ST/STM32_USB_Device_Library/Core/Src/usbd_core.o
                0x080062a6                USBD_LL_DataOutStage
 .text.USBD_LL_DataInStage
                0x08006316       0xb8 ./Middlewares/ST/STM32_USB_Device_Library/Core/Src/usbd_core.o
                0x08006316                USBD_LL_DataInStage
 .text.USBD_LL_Reset
                0x080063ce       0x4e ./Middlewares/ST/STM32_USB_Device_Library/Core/Src/usbd_core.o
                0x080063ce                USBD_LL_Reset
 .text.USBD_LL_SetSpeed
                0x0800641c        0x6 ./Middlewares/ST/STM32_USB_Device_Library/Core/Src/usbd_core.o
                0x0800641c                USBD_LL_SetSpeed
 .text.USBD_LL_Suspend
                0x08006422       0x12 ./Middlewares/ST/STM32_USB_Device_Library/Core/Src/usbd_core.o
                0x08006422                USBD_LL_Suspend
 .text.USBD_LL_Resume
                0x08006434       0x14 ./Middlewares/ST/STM32_USB_Device_Library/Core/Src/usbd_core.o
                0x08006434                USBD_LL_Resume
 .text.USBD_LL_SOF
                0x08006448       0x18 ./Middlewares/ST/STM32_USB_Device_Library/Core/Src/usbd_core.o
                0x08006448                USBD_LL_SOF
 .text.USBD_CtlError.constprop.0
                0x08006460       0x16 ./Middlewares/ST/STM32_USB_Device_Library/Core/Src/usbd_ctlreq.o
 *fill*         0x08006476        0x2 
 .text.USBD_StdDevReq
                0x08006478      0x290 ./Middlewares/ST/STM32_USB_Device_Library/Core/Src/usbd_ctlreq.o
                0x08006478                USBD_StdDevReq
 .text.USBD_StdItfReq
                0x08006708       0x48 ./Middlewares/ST/STM32_USB_Device_Library/Core/Src/usbd_ctlreq.o
                0x08006708                USBD_StdItfReq
 .text.USBD_StdEPReq
                0x08006750      0x118 ./Middlewares/ST/STM32_USB_Device_Library/Core/Src/usbd_ctlreq.o
                0x08006750                USBD_StdEPReq
 .text.USBD_ParseSetupRequest
                0x08006868       0x16 ./Middlewares/ST/STM32_USB_Device_Library/Core/Src/usbd_ctlreq.o
                0x08006868                USBD_ParseSetupRequest
 .text.USBD_CtlSendData
                0x0800687e       0x1a ./Middlewares/ST/STM32_USB_Device_Library/Core/Src/usbd_ioreq.o
                0x0800687e                USBD_CtlSendData
 .text.USBD_CtlContinueSendData
                0x08006898       0x10 ./Middlewares/ST/STM32_USB_Device_Library/Core/Src/usbd_ioreq.o
                0x08006898                USBD_CtlContinueSendData
 .text.USBD_CtlContinueRx
                0x080068a8       0x10 ./Middlewares/ST/STM32_USB_Device_Library/Core/Src/usbd_ioreq.o
                0x080068a8                USBD_CtlContinueRx
 .text.USBD_CtlSendStatus
                0x080068b8       0x16 ./Middlewares/ST/STM32_USB_Device_Library/Core/Src/usbd_ioreq.o
                0x080068b8                USBD_CtlSendStatus
 .text.USBD_CtlReceiveStatus
                0x080068ce       0x16 ./Middlewares/ST/STM32_USB_Device_Library/Core/Src/usbd_ioreq.o
                0x080068ce                USBD_CtlReceiveStatus
 .text.osKernelStart
                0x080068e4        0xa ./Middlewares/Third_Party/FreeRTOS/Source/CMSIS_RTOS/cmsis_os.o
                0x080068e4                osKernelStart
 .text.osThreadCreate
                0x080068ee       0x50 ./Middlewares/Third_Party/FreeRTOS/Source/CMSIS_RTOS/cmsis_os.o
                0x080068ee                osThreadCreate
 .text.osDelay  0x0800693e       0x10 ./Middlewares/Third_Party/FreeRTOS/Source/CMSIS_RTOS/cmsis_os.o
                0x0800693e                osDelay
 .text.vListInitialise
                0x0800694e       0x16 ./Middlewares/Third_Party/FreeRTOS/Source/list.o
                0x0800694e                vListInitialise
 .text.vListInitialiseItem
                0x08006964        0x6 ./Middlewares/Third_Party/FreeRTOS/Source/list.o
                0x08006964                vListInitialiseItem
 .text.vListInsertEnd
                0x0800696a       0x16 ./Middlewares/Third_Party/FreeRTOS/Source/list.o
                0x0800696a                vListInsertEnd
 .text.vListInsert
                0x08006980       0x2e ./Middlewares/Third_Party/FreeRTOS/Source/list.o
                0x08006980                vListInsert
 .text.uxListRemove
                0x080069ae       0x20 ./Middlewares/Third_Party/FreeRTOS/Source/list.o
                0x080069ae                uxListRemove
 *fill*         0x080069ce        0x2 
 .text.prvAddNewTaskToReadyList
                0x080069d0       0xfc ./Middlewares/Third_Party/FreeRTOS/Source/tasks.o
 .text.prvAddCurrentTaskToDelayedList
                0x08006acc       0x88 ./Middlewares/Third_Party/FreeRTOS/Source/tasks.o
 .text.prvResetNextTaskUnblockTime
                0x08006b54       0x24 ./Middlewares/Third_Party/FreeRTOS/Source/tasks.o
 .text.prvDeleteTCB
                0x08006b78       0x36 ./Middlewares/Third_Party/FreeRTOS/Source/tasks.o
 *fill*         0x08006bae        0x2 
 .text.prvIdleTask
                0x08006bb0       0x60 ./Middlewares/Third_Party/FreeRTOS/Source/tasks.o
 .text.prvInitialiseNewTask.constprop.0
                0x08006c10       0x8e ./Middlewares/Third_Party/FreeRTOS/Source/tasks.o
 .text.xTaskCreateStatic
                0x08006c9e       0x70 ./Middlewares/Third_Party/FreeRTOS/Source/tasks.o
                0x08006c9e                xTaskCreateStatic
 .text.xTaskCreate
                0x08006d0e       0x5c ./Middlewares/Third_Party/FreeRTOS/Source/tasks.o
                0x08006d0e                xTaskCreate
 *fill*         0x08006d6a        0x2 
 .text.vTaskStartScheduler
                0x08006d6c       0x70 ./Middlewares/Third_Party/FreeRTOS/Source/tasks.o
                0x08006d6c                vTaskStartScheduler
 .text.vTaskSuspendAll
                0x08006ddc       0x10 ./Middlewares/Third_Party/FreeRTOS/Source/tasks.o
                0x08006ddc                vTaskSuspendAll
 .text.xTaskIncrementTick
                0x08006dec      0x134 ./Middlewares/Third_Party/FreeRTOS/Source/tasks.o
                0x08006dec                xTaskIncrementTick
 .text.xTaskResumeAll
                0x08006f20       0xec ./Middlewares/Third_Party/FreeRTOS/Source/tasks.o
                0x08006f20                xTaskResumeAll
 .text.vTaskDelay
                0x0800700c       0x48 ./Middlewares/Third_Party/FreeRTOS/Source/tasks.o
                0x0800700c                vTaskDelay
 .text.vTaskSwitchContext
                0x08007054       0x74 ./Middlewares/Third_Party/FreeRTOS/Source/tasks.o
                0x08007054                vTaskSwitchContext
 .text.xTaskGetSchedulerState
                0x080070c8       0x20 ./Middlewares/Third_Party/FreeRTOS/Source/tasks.o
                0x080070c8                xTaskGetSchedulerState
 .text.prvPortStartFirstTask
                0x080070e8       0x20 ./Middlewares/Third_Party/FreeRTOS/Source/portable/GCC/ARM_CM3/port.o
 .text.prvTaskExitError
                0x08007108       0x40 ./Middlewares/Third_Party/FreeRTOS/Source/portable/GCC/ARM_CM3/port.o
 .text.pxPortInitialiseStack
                0x08007148       0x24 ./Middlewares/Third_Party/FreeRTOS/Source/portable/GCC/ARM_CM3/port.o
                0x08007148                pxPortInitialiseStack
 *fill*         0x0800716c        0x4 
 .text.SVC_Handler
                0x08007170       0x24 ./Middlewares/Third_Party/FreeRTOS/Source/portable/GCC/ARM_CM3/port.o
                0x08007170                SVC_Handler
 .text.vPortEnterCritical
                0x08007194       0x40 ./Middlewares/Third_Party/FreeRTOS/Source/portable/GCC/ARM_CM3/port.o
                0x08007194                vPortEnterCritical
 .text.vPortExitCritical
                0x080071d4       0x28 ./Middlewares/Third_Party/FreeRTOS/Source/portable/GCC/ARM_CM3/port.o
                0x080071d4                vPortExitCritical
 *fill*         0x080071fc        0x4 
 .text.PendSV_Handler
                0x08007200       0x44 ./Middlewares/Third_Party/FreeRTOS/Source/portable/GCC/ARM_CM3/port.o
                0x08007200                PendSV_Handler
 .text.xPortSysTickHandler
                0x08007244       0x2c ./Middlewares/Third_Party/FreeRTOS/Source/portable/GCC/ARM_CM3/port.o
                0x08007244                xPortSysTickHandler
 .text.vPortSetupTimerInterrupt
                0x08007270       0x24 ./Middlewares/Third_Party/FreeRTOS/Source/portable/GCC/ARM_CM3/port.o
                0x08007270                vPortSetupTimerInterrupt
 .text.xPortStartScheduler
                0x08007294       0xb0 ./Middlewares/Third_Party/FreeRTOS/Source/portable/GCC/ARM_CM3/port.o
                0x08007294                xPortStartScheduler
 .text.prvInsertBlockIntoFreeList
                0x08007344       0x4c ./Middlewares/Third_Party/FreeRTOS/Source/portable/MemMang/heap_4.o
 .text.pvPortMalloc
                0x08007390      0x130 ./Middlewares/Third_Party/FreeRTOS/Source/portable/MemMang/heap_4.o
                0x08007390                pvPortMalloc
 .text.vPortFree
                0x080074c0       0x7c ./Middlewares/Third_Party/FreeRTOS/Source/portable/MemMang/heap_4.o
                0x080074c0                vPortFree
 .text.USBD_Get_USB_Status
                0x0800753c        0xc ./USB_DEVICE/Target/usbd_conf.o
 .text.HAL_PCD_SetupStageCallback
                0x08007548        0xc ./USB_DEVICE/Target/usbd_conf.o
                0x08007548                HAL_PCD_SetupStageCallback
 .text.HAL_PCD_DataOutStageCallback
                0x08007554       0x12 ./USB_DEVICE/Target/usbd_conf.o
                0x08007554                HAL_PCD_DataOutStageCallback
 .text.HAL_PCD_DataInStageCallback
                0x08007566       0x10 ./USB_DEVICE/Target/usbd_conf.o
                0x08007566                HAL_PCD_DataInStageCallback
 .text.HAL_PCD_SOFCallback
                0x08007576        0x8 ./USB_DEVICE/Target/usbd_conf.o
                0x08007576                HAL_PCD_SOFCallback
 .text.HAL_PCD_ResetCallback
                0x0800757e       0x24 ./USB_DEVICE/Target/usbd_conf.o
                0x0800757e                HAL_PCD_ResetCallback
 *fill*         0x080075a2        0x2 
 .text.HAL_PCD_SuspendCallback
                0x080075a4       0x20 ./USB_DEVICE/Target/usbd_conf.o
                0x080075a4                HAL_PCD_SuspendCallback
 .text.HAL_PCD_ResumeCallback
                0x080075c4        0x8 ./USB_DEVICE/Target/usbd_conf.o
                0x080075c4                HAL_PCD_ResumeCallback
 .text.USBD_LL_OpenEP
                0x080075cc       0x18 ./USB_DEVICE/Target/usbd_conf.o
                0x080075cc                USBD_LL_OpenEP
 .text.USBD_LL_StallEP
                0x080075e4       0x12 ./USB_DEVICE/Target/usbd_conf.o
                0x080075e4                USBD_LL_StallEP
 .text.USBD_LL_ClearStallEP
                0x080075f6       0x12 ./USB_DEVICE/Target/usbd_conf.o
                0x080075f6                USBD_LL_ClearStallEP
 .text.USBD_LL_IsStallEP
                0x08007608       0x22 ./USB_DEVICE/Target/usbd_conf.o
                0x08007608                USBD_LL_IsStallEP
 .text.USBD_LL_SetUSBAddress
                0x0800762a       0x12 ./USB_DEVICE/Target/usbd_conf.o
                0x0800762a                USBD_LL_SetUSBAddress
 .text.USBD_LL_Transmit
                0x0800763c       0x12 ./USB_DEVICE/Target/usbd_conf.o
                0x0800763c                USBD_LL_Transmit
 .text.USBD_LL_PrepareReceive
                0x0800764e       0x12 ./USB_DEVICE/Target/usbd_conf.o
                0x0800764e                USBD_LL_PrepareReceive
 .text.__cvt    0x08007660       0xc8 E:/ST/STM32CubeIDE_1.19.0/STM32CubeIDE/plugins/com.st.stm32cube.ide.mcu.externaltools.gnu-tools-for-stm32.13.3.rel1.win32_1.0.0.202411081344/tools/bin/../lib/gcc/arm-none-eabi/13.3.1/../../../../arm-none-eabi/lib/thumb/v7-m/nofp\libc_nano.a(libc_a-nano-vfprintf_float.o)
                0x08007660                __cvt
 .text.__exponent
                0x08007728       0x74 E:/ST/STM32CubeIDE_1.19.0/STM32CubeIDE/plugins/com.st.stm32cube.ide.mcu.externaltools.gnu-tools-for-stm32.13.3.rel1.win32_1.0.0.202411081344/tools/bin/../lib/gcc/arm-none-eabi/13.3.1/../../../../arm-none-eabi/lib/thumb/v7-m/nofp\libc_nano.a(libc_a-nano-vfprintf_float.o)
                0x08007728                __exponent
 .text._printf_float
                0x0800779c      0x458 E:/ST/STM32CubeIDE_1.19.0/STM32CubeIDE/plugins/com.st.stm32cube.ide.mcu.externaltools.gnu-tools-for-stm32.13.3.rel1.win32_1.0.0.202411081344/tools/bin/../lib/gcc/arm-none-eabi/13.3.1/../../../../arm-none-eabi/lib/thumb/v7-m/nofp\libc_nano.a(libc_a-nano-vfprintf_float.o)
                0x0800779c                _printf_float
 .text._printf_common
                0x08007bf4       0xe4 E:/ST/STM32CubeIDE_1.19.0/STM32CubeIDE/plugins/com.st.stm32cube.ide.mcu.externaltools.gnu-tools-for-stm32.13.3.rel1.win32_1.0.0.202411081344/tools/bin/../lib/gcc/arm-none-eabi/13.3.1/../../../../arm-none-eabi/lib/thumb/v7-m/nofp\libc_nano.a(libc_a-nano-vfprintf_i.o)
                0x08007bf4                _printf_common
 .text._printf_i
                0x08007cd8      0x23c E:/ST/STM32CubeIDE_1.19.0/STM32CubeIDE/plugins/com.st.stm32cube.ide.mcu.externaltools.gnu-tools-for-stm32.13.3.rel1.win32_1.0.0.202411081344/tools/bin/../lib/gcc/arm-none-eabi/13.3.1/../../../../arm-none-eabi/lib/thumb/v7-m/nofp\libc_nano.a(libc_a-nano-vfprintf_i.o)
                0x08007cd8                _printf_i
 .text.std      0x08007f14       0x6c E:/ST/STM32CubeIDE_1.19.0/STM32CubeIDE/plugins/com.st.stm32cube.ide.mcu.externaltools.gnu-tools-for-stm32.13.3.rel1.win32_1.0.0.202411081344/tools/bin/../lib/gcc/arm-none-eabi/13.3.1/../../../../arm-none-eabi/lib/thumb/v7-m/nofp\libc_nano.a(libc_a-findfp.o)
 .text.stdio_exit_handler
                0x08007f80       0x18 E:/ST/STM32CubeIDE_1.19.0/STM32CubeIDE/plugins/com.st.stm32cube.ide.mcu.externaltools.gnu-tools-for-stm32.13.3.rel1.win32_1.0.0.202411081344/tools/bin/../lib/gcc/arm-none-eabi/13.3.1/../../../../arm-none-eabi/lib/thumb/v7-m/nofp\libc_nano.a(libc_a-findfp.o)
 .text.cleanup_stdio
                0x08007f98       0x40 E:/ST/STM32CubeIDE_1.19.0/STM32CubeIDE/plugins/com.st.stm32cube.ide.mcu.externaltools.gnu-tools-for-stm32.13.3.rel1.win32_1.0.0.202411081344/tools/bin/../lib/gcc/arm-none-eabi/13.3.1/../../../../arm-none-eabi/lib/thumb/v7-m/nofp\libc_nano.a(libc_a-findfp.o)
 .text.global_stdio_init.part.0
                0x08007fd8       0x3c E:/ST/STM32CubeIDE_1.19.0/STM32CubeIDE/plugins/com.st.stm32cube.ide.mcu.externaltools.gnu-tools-for-stm32.13.3.rel1.win32_1.0.0.202411081344/tools/bin/../lib/gcc/arm-none-eabi/13.3.1/../../../../arm-none-eabi/lib/thumb/v7-m/nofp\libc_nano.a(libc_a-findfp.o)
 .text.__sfp_lock_acquire
                0x08008014        0xc E:/ST/STM32CubeIDE_1.19.0/STM32CubeIDE/plugins/com.st.stm32cube.ide.mcu.externaltools.gnu-tools-for-stm32.13.3.rel1.win32_1.0.0.202411081344/tools/bin/../lib/gcc/arm-none-eabi/13.3.1/../../../../arm-none-eabi/lib/thumb/v7-m/nofp\libc_nano.a(libc_a-findfp.o)
                0x08008014                __sfp_lock_acquire
 .text.__sfp_lock_release
                0x08008020        0xc E:/ST/STM32CubeIDE_1.19.0/STM32CubeIDE/plugins/com.st.stm32cube.ide.mcu.externaltools.gnu-tools-for-stm32.13.3.rel1.win32_1.0.0.202411081344/tools/bin/../lib/gcc/arm-none-eabi/13.3.1/../../../../arm-none-eabi/lib/thumb/v7-m/nofp\libc_nano.a(libc_a-findfp.o)
                0x08008020                __sfp_lock_release
 .text.__sinit  0x0800802c       0x30 E:/ST/STM32CubeIDE_1.19.0/STM32CubeIDE/plugins/com.st.stm32cube.ide.mcu.externaltools.gnu-tools-for-stm32.13.3.rel1.win32_1.0.0.202411081344/tools/bin/../lib/gcc/arm-none-eabi/13.3.1/../../../../arm-none-eabi/lib/thumb/v7-m/nofp\libc_nano.a(libc_a-findfp.o)
                0x0800802c                __sinit
 .text._fwalk_sglue
                0x0800805c       0x3c E:/ST/STM32CubeIDE_1.19.0/STM32CubeIDE/plugins/com.st.stm32cube.ide.mcu.externaltools.gnu-tools-for-stm32.13.3.rel1.win32_1.0.0.202411081344/tools/bin/../lib/gcc/arm-none-eabi/13.3.1/../../../../arm-none-eabi/lib/thumb/v7-m/nofp\libc_nano.a(libc_a-fwalk.o)
                0x0800805c                _fwalk_sglue
 .text.__sread  0x08008098       0x22 E:/ST/STM32CubeIDE_1.19.0/STM32CubeIDE/plugins/com.st.stm32cube.ide.mcu.externaltools.gnu-tools-for-stm32.13.3.rel1.win32_1.0.0.202411081344/tools/bin/../lib/gcc/arm-none-eabi/13.3.1/../../../../arm-none-eabi/lib/thumb/v7-m/nofp\libc_nano.a(libc_a-stdio.o)
                0x08008098                __sread
 .text.__swrite
                0x080080ba       0x38 E:/ST/STM32CubeIDE_1.19.0/STM32CubeIDE/plugins/com.st.stm32cube.ide.mcu.externaltools.gnu-tools-for-stm32.13.3.rel1.win32_1.0.0.202411081344/tools/bin/../lib/gcc/arm-none-eabi/13.3.1/../../../../arm-none-eabi/lib/thumb/v7-m/nofp\libc_nano.a(libc_a-stdio.o)
                0x080080ba                __swrite
 .text.__sseek  0x080080f2       0x24 E:/ST/STM32CubeIDE_1.19.0/STM32CubeIDE/plugins/com.st.stm32cube.ide.mcu.externaltools.gnu-tools-for-stm32.13.3.rel1.win32_1.0.0.202411081344/tools/bin/../lib/gcc/arm-none-eabi/13.3.1/../../../../arm-none-eabi/lib/thumb/v7-m/nofp\libc_nano.a(libc_a-stdio.o)
                0x080080f2                __sseek
 .text.__sclose
                0x08008116        0x8 E:/ST/STM32CubeIDE_1.19.0/STM32CubeIDE/plugins/com.st.stm32cube.ide.mcu.externaltools.gnu-tools-for-stm32.13.3.rel1.win32_1.0.0.202411081344/tools/bin/../lib/gcc/arm-none-eabi/13.3.1/../../../../arm-none-eabi/lib/thumb/v7-m/nofp\libc_nano.a(libc_a-stdio.o)
                0x08008116                __sclose
 .text.memset   0x0800811e       0x10 E:/ST/STM32CubeIDE_1.19.0/STM32CubeIDE/plugins/com.st.stm32cube.ide.mcu.externaltools.gnu-tools-for-stm32.13.3.rel1.win32_1.0.0.202411081344/tools/bin/../lib/gcc/arm-none-eabi/13.3.1/../../../../arm-none-eabi/lib/thumb/v7-m/nofp\libc_nano.a(libc_a-memset.o)
                0x0800811e                memset
 *fill*         0x0800812e        0x2 
 .text._localeconv_r
                0x08008130        0x8 E:/ST/STM32CubeIDE_1.19.0/STM32CubeIDE/plugins/com.st.stm32cube.ide.mcu.externaltools.gnu-tools-for-stm32.13.3.rel1.win32_1.0.0.202411081344/tools/bin/../lib/gcc/arm-none-eabi/13.3.1/../../../../arm-none-eabi/lib/thumb/v7-m/nofp\libc_nano.a(libc_a-localeconv.o)
                0x08008130                _localeconv_r
 .text._close_r
                0x08008138       0x20 E:/ST/STM32CubeIDE_1.19.0/STM32CubeIDE/plugins/com.st.stm32cube.ide.mcu.externaltools.gnu-tools-for-stm32.13.3.rel1.win32_1.0.0.202411081344/tools/bin/../lib/gcc/arm-none-eabi/13.3.1/../../../../arm-none-eabi/lib/thumb/v7-m/nofp\libc_nano.a(libc_a-closer.o)
                0x08008138                _close_r
 .text._lseek_r
                0x08008158       0x24 E:/ST/STM32CubeIDE_1.19.0/STM32CubeIDE/plugins/com.st.stm32cube.ide.mcu.externaltools.gnu-tools-for-stm32.13.3.rel1.win32_1.0.0.202411081344/tools/bin/../lib/gcc/arm-none-eabi/13.3.1/../../../../arm-none-eabi/lib/thumb/v7-m/nofp\libc_nano.a(libc_a-lseekr.o)
                0x08008158                _lseek_r
 .text._read_r  0x0800817c       0x24 E:/ST/STM32CubeIDE_1.19.0/STM32CubeIDE/plugins/com.st.stm32cube.ide.mcu.externaltools.gnu-tools-for-stm32.13.3.rel1.win32_1.0.0.202411081344/tools/bin/../lib/gcc/arm-none-eabi/13.3.1/../../../../arm-none-eabi/lib/thumb/v7-m/nofp\libc_nano.a(libc_a-readr.o)
                0x0800817c                _read_r
 .text._write_r
                0x080081a0       0x24 E:/ST/STM32CubeIDE_1.19.0/STM32CubeIDE/plugins/com.st.stm32cube.ide.mcu.externaltools.gnu-tools-for-stm32.13.3.rel1.win32_1.0.0.202411081344/tools/bin/../lib/gcc/arm-none-eabi/13.3.1/../../../../arm-none-eabi/lib/thumb/v7-m/nofp\libc_nano.a(libc_a-writer.o)
                0x080081a0                _write_r
 .text.__errno  0x080081c4        0xc E:/ST/STM32CubeIDE_1.19.0/STM32CubeIDE/plugins/com.st.stm32cube.ide.mcu.externaltools.gnu-tools-for-stm32.13.3.rel1.win32_1.0.0.202411081344/tools/bin/../lib/gcc/arm-none-eabi/13.3.1/../../../../arm-none-eabi/lib/thumb/v7-m/nofp\libc_nano.a(libc_a-errno.o)
                0x080081c4                __errno
 .text.__libc_init_array
                0x080081d0       0x48 E:/ST/STM32CubeIDE_1.19.0/STM32CubeIDE/plugins/com.st.stm32cube.ide.mcu.externaltools.gnu-tools-for-stm32.13.3.rel1.win32_1.0.0.202411081344/tools/bin/../lib/gcc/arm-none-eabi/13.3.1/../../../../arm-none-eabi/lib/thumb/v7-m/nofp\libc_nano.a(libc_a-init.o)
                0x080081d0                __libc_init_array
 .text.__retarget_lock_init_recursive
                0x08008218        0x2 E:/ST/STM32CubeIDE_1.19.0/STM32CubeIDE/plugins/com.st.stm32cube.ide.mcu.externaltools.gnu-tools-for-stm32.13.3.rel1.win32_1.0.0.202411081344/tools/bin/../lib/gcc/arm-none-eabi/13.3.1/../../../../arm-none-eabi/lib/thumb/v7-m/nofp\libc_nano.a(libc_a-lock.o)
                0x08008218                __retarget_lock_init_recursive
 .text.__retarget_lock_acquire_recursive
                0x0800821a        0x2 E:/ST/STM32CubeIDE_1.19.0/STM32CubeIDE/plugins/com.st.stm32cube.ide.mcu.externaltools.gnu-tools-for-stm32.13.3.rel1.win32_1.0.0.202411081344/tools/bin/../lib/gcc/arm-none-eabi/13.3.1/../../../../arm-none-eabi/lib/thumb/v7-m/nofp\libc_nano.a(libc_a-lock.o)
                0x0800821a                __retarget_lock_acquire_recursive
 .text.__retarget_lock_release_recursive
                0x0800821c        0x2 E:/ST/STM32CubeIDE_1.19.0/STM32CubeIDE/plugins/com.st.stm32cube.ide.mcu.externaltools.gnu-tools-for-stm32.13.3.rel1.win32_1.0.0.202411081344/tools/bin/../lib/gcc/arm-none-eabi/13.3.1/../../../../arm-none-eabi/lib/thumb/v7-m/nofp\libc_nano.a(libc_a-lock.o)
                0x0800821c                __retarget_lock_release_recursive
 .text.memchr   0x0800821e       0x1c E:/ST/STM32CubeIDE_1.19.0/STM32CubeIDE/plugins/com.st.stm32cube.ide.mcu.externaltools.gnu-tools-for-stm32.13.3.rel1.win32_1.0.0.202411081344/tools/bin/../lib/gcc/arm-none-eabi/13.3.1/../../../../arm-none-eabi/lib/thumb/v7-m/nofp\libc_nano.a(libc_a-memchr-stub.o)
                0x0800821e                memchr
 .text.memcpy   0x0800823a       0x1c E:/ST/STM32CubeIDE_1.19.0/STM32CubeIDE/plugins/com.st.stm32cube.ide.mcu.externaltools.gnu-tools-for-stm32.13.3.rel1.win32_1.0.0.202411081344/tools/bin/../lib/gcc/arm-none-eabi/13.3.1/../../../../arm-none-eabi/lib/thumb/v7-m/nofp\libc_nano.a(libc_a-memcpy-stub.o)
                0x0800823a                memcpy
 .text.quorem   0x08008256      0x110 E:/ST/STM32CubeIDE_1.19.0/STM32CubeIDE/plugins/com.st.stm32cube.ide.mcu.externaltools.gnu-tools-for-stm32.13.3.rel1.win32_1.0.0.202411081344/tools/bin/../lib/gcc/arm-none-eabi/13.3.1/../../../../arm-none-eabi/lib/thumb/v7-m/nofp\libc_nano.a(libc_a-dtoa.o)
 *fill*         0x08008366        0x2 
 .text._dtoa_r  0x08008368      0xba8 E:/ST/STM32CubeIDE_1.19.0/STM32CubeIDE/plugins/com.st.stm32cube.ide.mcu.externaltools.gnu-tools-for-stm32.13.3.rel1.win32_1.0.0.202411081344/tools/bin/../lib/gcc/arm-none-eabi/13.3.1/../../../../arm-none-eabi/lib/thumb/v7-m/nofp\libc_nano.a(libc_a-dtoa.o)
                0x08008368                _dtoa_r
 .text._free_r  0x08008f10       0x90 E:/ST/STM32CubeIDE_1.19.0/STM32CubeIDE/plugins/com.st.stm32cube.ide.mcu.externaltools.gnu-tools-for-stm32.13.3.rel1.win32_1.0.0.202411081344/tools/bin/../lib/gcc/arm-none-eabi/13.3.1/../../../../arm-none-eabi/lib/thumb/v7-m/nofp\libc_nano.a(libc_a-freer.o)
                0x08008f10                _free_r
 .text.malloc   0x08008fa0       0x10 E:/ST/STM32CubeIDE_1.19.0/STM32CubeIDE/plugins/com.st.stm32cube.ide.mcu.externaltools.gnu-tools-for-stm32.13.3.rel1.win32_1.0.0.202411081344/tools/bin/../lib/gcc/arm-none-eabi/13.3.1/../../../../arm-none-eabi/lib/thumb/v7-m/nofp\libc_nano.a(libc_a-malloc.o)
                0x08008fa0                malloc
 .text.sbrk_aligned
                0x08008fb0       0x44 E:/ST/STM32CubeIDE_1.19.0/STM32CubeIDE/plugins/com.st.stm32cube.ide.mcu.externaltools.gnu-tools-for-stm32.13.3.rel1.win32_1.0.0.202411081344/tools/bin/../lib/gcc/arm-none-eabi/13.3.1/../../../../arm-none-eabi/lib/thumb/v7-m/nofp\libc_nano.a(libc_a-mallocr.o)
 .text._malloc_r
                0x08008ff4      0x100 E:/ST/STM32CubeIDE_1.19.0/STM32CubeIDE/plugins/com.st.stm32cube.ide.mcu.externaltools.gnu-tools-for-stm32.13.3.rel1.win32_1.0.0.202411081344/tools/bin/../lib/gcc/arm-none-eabi/13.3.1/../../../../arm-none-eabi/lib/thumb/v7-m/nofp\libc_nano.a(libc_a-mallocr.o)
                0x08008ff4                _malloc_r
 .text.__malloc_lock
                0x080090f4        0xc E:/ST/STM32CubeIDE_1.19.0/STM32CubeIDE/plugins/com.st.stm32cube.ide.mcu.externaltools.gnu-tools-for-stm32.13.3.rel1.win32_1.0.0.202411081344/tools/bin/../lib/gcc/arm-none-eabi/13.3.1/../../../../arm-none-eabi/lib/thumb/v7-m/nofp\libc_nano.a(libc_a-mlock.o)
                0x080090f4                __malloc_lock
 .text.__malloc_unlock
                0x08009100        0xc E:/ST/STM32CubeIDE_1.19.0/STM32CubeIDE/plugins/com.st.stm32cube.ide.mcu.externaltools.gnu-tools-for-stm32.13.3.rel1.win32_1.0.0.202411081344/tools/bin/../lib/gcc/arm-none-eabi/13.3.1/../../../../arm-none-eabi/lib/thumb/v7-m/nofp\libc_nano.a(libc_a-mlock.o)
                0x08009100                __malloc_unlock
 .text._Balloc  0x0800910c       0x80 E:/ST/STM32CubeIDE_1.19.0/STM32CubeIDE/plugins/com.st.stm32cube.ide.mcu.externaltools.gnu-tools-for-stm32.13.3.rel1.win32_1.0.0.202411081344/tools/bin/../lib/gcc/arm-none-eabi/13.3.1/../../../../arm-none-eabi/lib/thumb/v7-m/nofp\libc_nano.a(libc_a-mprec.o)
                0x0800910c                _Balloc
 .text._Bfree   0x0800918c       0x44 E:/ST/STM32CubeIDE_1.19.0/STM32CubeIDE/plugins/com.st.stm32cube.ide.mcu.externaltools.gnu-tools-for-stm32.13.3.rel1.win32_1.0.0.202411081344/tools/bin/../lib/gcc/arm-none-eabi/13.3.1/../../../../arm-none-eabi/lib/thumb/v7-m/nofp\libc_nano.a(libc_a-mprec.o)
                0x0800918c                _Bfree
 .text.__multadd
                0x080091d0       0x8c E:/ST/STM32CubeIDE_1.19.0/STM32CubeIDE/plugins/com.st.stm32cube.ide.mcu.externaltools.gnu-tools-for-stm32.13.3.rel1.win32_1.0.0.202411081344/tools/bin/../lib/gcc/arm-none-eabi/13.3.1/../../../../arm-none-eabi/lib/thumb/v7-m/nofp\libc_nano.a(libc_a-mprec.o)
                0x080091d0                __multadd
 .text.__hi0bits
                0x0800925c       0x3e E:/ST/STM32CubeIDE_1.19.0/STM32CubeIDE/plugins/com.st.stm32cube.ide.mcu.externaltools.gnu-tools-for-stm32.13.3.rel1.win32_1.0.0.202411081344/tools/bin/../lib/gcc/arm-none-eabi/13.3.1/../../../../arm-none-eabi/lib/thumb/v7-m/nofp\libc_nano.a(libc_a-mprec.o)
                0x0800925c                __hi0bits
 .text.__lo0bits
                0x0800929a       0x5a E:/ST/STM32CubeIDE_1.19.0/STM32CubeIDE/plugins/com.st.stm32cube.ide.mcu.externaltools.gnu-tools-for-stm32.13.3.rel1.win32_1.0.0.202411081344/tools/bin/../lib/gcc/arm-none-eabi/13.3.1/../../../../arm-none-eabi/lib/thumb/v7-m/nofp\libc_nano.a(libc_a-mprec.o)
                0x0800929a                __lo0bits
 .text.__i2b    0x080092f4       0x2c E:/ST/STM32CubeIDE_1.19.0/STM32CubeIDE/plugins/com.st.stm32cube.ide.mcu.externaltools.gnu-tools-for-stm32.13.3.rel1.win32_1.0.0.202411081344/tools/bin/../lib/gcc/arm-none-eabi/13.3.1/../../../../arm-none-eabi/lib/thumb/v7-m/nofp\libc_nano.a(libc_a-mprec.o)
                0x080092f4                __i2b
 .text.__multiply
                0x08009320      0x144 E:/ST/STM32CubeIDE_1.19.0/STM32CubeIDE/plugins/com.st.stm32cube.ide.mcu.externaltools.gnu-tools-for-stm32.13.3.rel1.win32_1.0.0.202411081344/tools/bin/../lib/gcc/arm-none-eabi/13.3.1/../../../../arm-none-eabi/lib/thumb/v7-m/nofp\libc_nano.a(libc_a-mprec.o)
                0x08009320                __multiply
 .text.__pow5mult
                0x08009464       0xb4 E:/ST/STM32CubeIDE_1.19.0/STM32CubeIDE/plugins/com.st.stm32cube.ide.mcu.externaltools.gnu-tools-for-stm32.13.3.rel1.win32_1.0.0.202411081344/tools/bin/../lib/gcc/arm-none-eabi/13.3.1/../../../../arm-none-eabi/lib/thumb/v7-m/nofp\libc_nano.a(libc_a-mprec.o)
                0x08009464                __pow5mult
 .text.__lshift
                0x08009518       0xd8 E:/ST/STM32CubeIDE_1.19.0/STM32CubeIDE/plugins/com.st.stm32cube.ide.mcu.externaltools.gnu-tools-for-stm32.13.3.rel1.win32_1.0.0.202411081344/tools/bin/../lib/gcc/arm-none-eabi/13.3.1/../../../../arm-none-eabi/lib/thumb/v7-m/nofp\libc_nano.a(libc_a-mprec.o)
                0x08009518                __lshift
 .text.__mcmp   0x080095f0       0x36 E:/ST/STM32CubeIDE_1.19.0/STM32CubeIDE/plugins/com.st.stm32cube.ide.mcu.externaltools.gnu-tools-for-stm32.13.3.rel1.win32_1.0.0.202411081344/tools/bin/../lib/gcc/arm-none-eabi/13.3.1/../../../../arm-none-eabi/lib/thumb/v7-m/nofp\libc_nano.a(libc_a-mprec.o)
                0x080095f0                __mcmp
 *fill*         0x08009626        0x2 
 .text.__mdiff  0x08009628      0x128 E:/ST/STM32CubeIDE_1.19.0/STM32CubeIDE/plugins/com.st.stm32cube.ide.mcu.externaltools.gnu-tools-for-stm32.13.3.rel1.win32_1.0.0.202411081344/tools/bin/../lib/gcc/arm-none-eabi/13.3.1/../../../../arm-none-eabi/lib/thumb/v7-m/nofp\libc_nano.a(libc_a-mprec.o)
                0x08009628                __mdiff
 .text.__d2b    0x08009750       0xb0 E:/ST/STM32CubeIDE_1.19.0/STM32CubeIDE/plugins/com.st.stm32cube.ide.mcu.externaltools.gnu-tools-for-stm32.13.3.rel1.win32_1.0.0.202411081344/tools/bin/../lib/gcc/arm-none-eabi/13.3.1/../../../../arm-none-eabi/lib/thumb/v7-m/nofp\libc_nano.a(libc_a-mprec.o)
                0x08009750                __d2b
 .text.__sflush_r
                0x08009800      0x100 E:/ST/STM32CubeIDE_1.19.0/STM32CubeIDE/plugins/com.st.stm32cube.ide.mcu.externaltools.gnu-tools-for-stm32.13.3.rel1.win32_1.0.0.202411081344/tools/bin/../lib/gcc/arm-none-eabi/13.3.1/../../../../arm-none-eabi/lib/thumb/v7-m/nofp\libc_nano.a(libc_a-fflush.o)
                0x08009800                __sflush_r
 .text._fflush_r
                0x08009900       0x50 E:/ST/STM32CubeIDE_1.19.0/STM32CubeIDE/plugins/com.st.stm32cube.ide.mcu.externaltools.gnu-tools-for-stm32.13.3.rel1.win32_1.0.0.202411081344/tools/bin/../lib/gcc/arm-none-eabi/13.3.1/../../../../arm-none-eabi/lib/thumb/v7-m/nofp\libc_nano.a(libc_a-fflush.o)
                0x08009900                _fflush_r
 .text._sbrk_r  0x08009950       0x20 E:/ST/STM32CubeIDE_1.19.0/STM32CubeIDE/plugins/com.st.stm32cube.ide.mcu.externaltools.gnu-tools-for-stm32.13.3.rel1.win32_1.0.0.202411081344/tools/bin/../lib/gcc/arm-none-eabi/13.3.1/../../../../arm-none-eabi/lib/thumb/v7-m/nofp\libc_nano.a(libc_a-sbrkr.o)
                0x08009950                _sbrk_r
 .text.__assert_func
                0x08009970       0x3c E:/ST/STM32CubeIDE_1.19.0/STM32CubeIDE/plugins/com.st.stm32cube.ide.mcu.externaltools.gnu-tools-for-stm32.13.3.rel1.win32_1.0.0.202411081344/tools/bin/../lib/gcc/arm-none-eabi/13.3.1/../../../../arm-none-eabi/lib/thumb/v7-m/nofp\libc_nano.a(libc_a-assert.o)
                0x08009970                __assert_func
 .text._calloc_r
                0x080099ac       0x28 E:/ST/STM32CubeIDE_1.19.0/STM32CubeIDE/plugins/com.st.stm32cube.ide.mcu.externaltools.gnu-tools-for-stm32.13.3.rel1.win32_1.0.0.202411081344/tools/bin/../lib/gcc/arm-none-eabi/13.3.1/../../../../arm-none-eabi/lib/thumb/v7-m/nofp\libc_nano.a(libc_a-callocr.o)
                0x080099ac                _calloc_r
 .text.__ascii_mbtowc
                0x080099d4       0x24 E:/ST/STM32CubeIDE_1.19.0/STM32CubeIDE/plugins/com.st.stm32cube.ide.mcu.externaltools.gnu-tools-for-stm32.13.3.rel1.win32_1.0.0.202411081344/tools/bin/../lib/gcc/arm-none-eabi/13.3.1/../../../../arm-none-eabi/lib/thumb/v7-m/nofp\libc_nano.a(libc_a-mbtowc_r.o)
                0x080099d4                __ascii_mbtowc
 .text.__ascii_wctomb
                0x080099f8       0x1a E:/ST/STM32CubeIDE_1.19.0/STM32CubeIDE/plugins/com.st.stm32cube.ide.mcu.externaltools.gnu-tools-for-stm32.13.3.rel1.win32_1.0.0.202411081344/tools/bin/../lib/gcc/arm-none-eabi/13.3.1/../../../../arm-none-eabi/lib/thumb/v7-m/nofp\libc_nano.a(libc_a-wctomb_r.o)
                0x080099f8                __ascii_wctomb
 *fill*         0x08009a12        0x2 
 .text.fprintf  0x08009a14       0x24 E:/ST/STM32CubeIDE_1.19.0/STM32CubeIDE/plugins/com.st.stm32cube.ide.mcu.externaltools.gnu-tools-for-stm32.13.3.rel1.win32_1.0.0.202411081344/tools/bin/../lib/gcc/arm-none-eabi/13.3.1/../../../../arm-none-eabi/lib/thumb/v7-m/nofp\libc_nano.a(libc_a-fprintf.o)
                0x08009a14                fiprintf
                0x08009a14                fprintf
 .text.abort    0x08009a38        0xe E:/ST/STM32CubeIDE_1.19.0/STM32CubeIDE/plugins/com.st.stm32cube.ide.mcu.externaltools.gnu-tools-for-stm32.13.3.rel1.win32_1.0.0.202411081344/tools/bin/../lib/gcc/arm-none-eabi/13.3.1/../../../../arm-none-eabi/lib/thumb/v7-m/nofp\libc_nano.a(libc_a-abort.o)
                0x08009a38                abort
 .text.__sfputc_r
                0x08009a46       0x2a E:/ST/STM32CubeIDE_1.19.0/STM32CubeIDE/plugins/com.st.stm32cube.ide.mcu.externaltools.gnu-tools-for-stm32.13.3.rel1.win32_1.0.0.202411081344/tools/bin/../lib/gcc/arm-none-eabi/13.3.1/../../../../arm-none-eabi/lib/thumb/v7-m/nofp\libc_nano.a(libc_a-nano-vfprintf.o)
 .text.__sfputs_r
                0x08009a70       0x24 E:/ST/STM32CubeIDE_1.19.0/STM32CubeIDE/plugins/com.st.stm32cube.ide.mcu.externaltools.gnu-tools-for-stm32.13.3.rel1.win32_1.0.0.202411081344/tools/bin/../lib/gcc/arm-none-eabi/13.3.1/../../../../arm-none-eabi/lib/thumb/v7-m/nofp\libc_nano.a(libc_a-nano-vfprintf.o)
                0x08009a70                __sfputs_r
 .text._vfprintf_r
                0x08009a94      0x230 E:/ST/STM32CubeIDE_1.19.0/STM32CubeIDE/plugins/com.st.stm32cube.ide.mcu.externaltools.gnu-tools-for-stm32.13.3.rel1.win32_1.0.0.202411081344/tools/bin/../lib/gcc/arm-none-eabi/13.3.1/../../../../arm-none-eabi/lib/thumb/v7-m/nofp\libc_nano.a(libc_a-nano-vfprintf.o)
                0x08009a94                _vfprintf_r
                0x08009a94                _vfiprintf_r
 .text.__swbuf_r
                0x08009cc4       0x7c E:/ST/STM32CubeIDE_1.19.0/STM32CubeIDE/plugins/com.st.stm32cube.ide.mcu.externaltools.gnu-tools-for-stm32.13.3.rel1.win32_1.0.0.202411081344/tools/bin/../lib/gcc/arm-none-eabi/13.3.1/../../../../arm-none-eabi/lib/thumb/v7-m/nofp\libc_nano.a(libc_a-wbuf.o)
                0x08009cc4                __swbuf_r
 .text.__swsetup_r
                0x08009d40       0xac E:/ST/STM32CubeIDE_1.19.0/STM32CubeIDE/plugins/com.st.stm32cube.ide.mcu.externaltools.gnu-tools-for-stm32.13.3.rel1.win32_1.0.0.202411081344/tools/bin/../lib/gcc/arm-none-eabi/13.3.1/../../../../arm-none-eabi/lib/thumb/v7-m/nofp\libc_nano.a(libc_a-wsetup.o)
                0x08009d40                __swsetup_r
 .text._raise_r
                0x08009dec       0x50 E:/ST/STM32CubeIDE_1.19.0/STM32CubeIDE/plugins/com.st.stm32cube.ide.mcu.externaltools.gnu-tools-for-stm32.13.3.rel1.win32_1.0.0.202411081344/tools/bin/../lib/gcc/arm-none-eabi/13.3.1/../../../../arm-none-eabi/lib/thumb/v7-m/nofp\libc_nano.a(libc_a-signal.o)
                0x08009dec                _raise_r
 .text.raise    0x08009e3c       0x10 E:/ST/STM32CubeIDE_1.19.0/STM32CubeIDE/plugins/com.st.stm32cube.ide.mcu.externaltools.gnu-tools-for-stm32.13.3.rel1.win32_1.0.0.202411081344/tools/bin/../lib/gcc/arm-none-eabi/13.3.1/../../../../arm-none-eabi/lib/thumb/v7-m/nofp\libc_nano.a(libc_a-signal.o)
                0x08009e3c                raise
 .text._kill_r  0x08009e4c       0x24 E:/ST/STM32CubeIDE_1.19.0/STM32CubeIDE/plugins/com.st.stm32cube.ide.mcu.externaltools.gnu-tools-for-stm32.13.3.rel1.win32_1.0.0.202411081344/tools/bin/../lib/gcc/arm-none-eabi/13.3.1/../../../../arm-none-eabi/lib/thumb/v7-m/nofp\libc_nano.a(libc_a-signalr.o)
                0x08009e4c                _kill_r
 .text._getpid_r
                0x08009e70        0x4 E:/ST/STM32CubeIDE_1.19.0/STM32CubeIDE/plugins/com.st.stm32cube.ide.mcu.externaltools.gnu-tools-for-stm32.13.3.rel1.win32_1.0.0.202411081344/tools/bin/../lib/gcc/arm-none-eabi/13.3.1/../../../../arm-none-eabi/lib/thumb/v7-m/nofp\libc_nano.a(libc_a-signalr.o)
                0x08009e70                _getpid_r
 .text.__swhatbuf_r
                0x08009e74       0x4a E:/ST/STM32CubeIDE_1.19.0/STM32CubeIDE/plugins/com.st.stm32cube.ide.mcu.externaltools.gnu-tools-for-stm32.13.3.rel1.win32_1.0.0.202411081344/tools/bin/../lib/gcc/arm-none-eabi/13.3.1/../../../../arm-none-eabi/lib/thumb/v7-m/nofp\libc_nano.a(libc_a-makebuf.o)
                0x08009e74                __swhatbuf_r
 .text.__smakebuf_r
                0x08009ebe       0x78 E:/ST/STM32CubeIDE_1.19.0/STM32CubeIDE/plugins/com.st.stm32cube.ide.mcu.externaltools.gnu-tools-for-stm32.13.3.rel1.win32_1.0.0.202411081344/tools/bin/../lib/gcc/arm-none-eabi/13.3.1/../../../../arm-none-eabi/lib/thumb/v7-m/nofp\libc_nano.a(libc_a-makebuf.o)
                0x08009ebe                __smakebuf_r
 *fill*         0x08009f36        0x2 
 .text._fstat_r
                0x08009f38       0x24 E:/ST/STM32CubeIDE_1.19.0/STM32CubeIDE/plugins/com.st.stm32cube.ide.mcu.externaltools.gnu-tools-for-stm32.13.3.rel1.win32_1.0.0.202411081344/tools/bin/../lib/gcc/arm-none-eabi/13.3.1/../../../../arm-none-eabi/lib/thumb/v7-m/nofp\libc_nano.a(libc_a-fstatr.o)
                0x08009f38                _fstat_r
 .text._isatty_r
                0x08009f5c       0x20 E:/ST/STM32CubeIDE_1.19.0/STM32CubeIDE/plugins/com.st.stm32cube.ide.mcu.externaltools.gnu-tools-for-stm32.13.3.rel1.win32_1.0.0.202411081344/tools/bin/../lib/gcc/arm-none-eabi/13.3.1/../../../../arm-none-eabi/lib/thumb/v7-m/nofp\libc_nano.a(libc_a-isattyr.o)
                0x08009f5c                _isatty_r
 *(.glue_7)
 .glue_7        0x08009f7c        0x0 linker stubs
 *(.glue_7t)
 .glue_7t       0x08009f7c        0x0 linker stubs
 *(.eh_frame)
 .eh_frame      0x08009f7c        0x0 E:/ST/STM32CubeIDE_1.19.0/STM32CubeIDE/plugins/com.st.stm32cube.ide.mcu.externaltools.gnu-tools-for-stm32.13.3.rel1.win32_1.0.0.202411081344/tools/bin/../lib/gcc/arm-none-eabi/13.3.1/thumb/v7-m/nofp/crtbegin.o
 *(.init)
 .init          0x08009f7c        0x4 E:/ST/STM32CubeIDE_1.19.0/STM32CubeIDE/plugins/com.st.stm32cube.ide.mcu.externaltools.gnu-tools-for-stm32.13.3.rel1.win32_1.0.0.202411081344/tools/bin/../lib/gcc/arm-none-eabi/13.3.1/thumb/v7-m/nofp/crti.o
                0x08009f7c                _init
 .init          0x08009f80        0x8 E:/ST/STM32CubeIDE_1.19.0/STM32CubeIDE/plugins/com.st.stm32cube.ide.mcu.externaltools.gnu-tools-for-stm32.13.3.rel1.win32_1.0.0.202411081344/tools/bin/../lib/gcc/arm-none-eabi/13.3.1/thumb/v7-m/nofp/crtn.o
 *(.fini)
 .fini          0x08009f88        0x4 E:/ST/STM32CubeIDE_1.19.0/STM32CubeIDE/plugins/com.st.stm32cube.ide.mcu.externaltools.gnu-tools-for-stm32.13.3.rel1.win32_1.0.0.202411081344/tools/bin/../lib/gcc/arm-none-eabi/13.3.1/thumb/v7-m/nofp/crti.o
                0x08009f88                _fini
 .fini          0x08009f8c        0x8 E:/ST/STM32CubeIDE_1.19.0/STM32CubeIDE/plugins/com.st.stm32cube.ide.mcu.externaltools.gnu-tools-for-stm32.13.3.rel1.win32_1.0.0.202411081344/tools/bin/../lib/gcc/arm-none-eabi/13.3.1/thumb/v7-m/nofp/crtn.o
                0x08009f94                        . = ALIGN (0x4)
                0x08009f94                        _etext = .

.vfp11_veneer   0x08009f94        0x0
 .vfp11_veneer  0x08009f94        0x0 linker stubs

.v4_bx          0x08009f94        0x0
 .v4_bx         0x08009f94        0x0 linker stubs

.iplt           0x08009f94        0x0
 .iplt          0x08009f94        0x0 E:/ST/STM32CubeIDE_1.19.0/STM32CubeIDE/plugins/com.st.stm32cube.ide.mcu.externaltools.gnu-tools-for-stm32.13.3.rel1.win32_1.0.0.202411081344/tools/bin/../lib/gcc/arm-none-eabi/13.3.1/thumb/v7-m/nofp/crtbegin.o

.rodata         0x08009f98      0x43c
                0x08009f98                        . = ALIGN (0x4)
 *(.rodata)
 .rodata        0x08009f98       0x70 ./Core/Src/main.o
 *(.rodata*)
 .rodata.str1.1
                0x0800a008      0x19f ./Core/Src/main.o
                                 0x29 (size before relaxing)
 .rodata.APBPrescTable
                0x0800a1a7        0x8 ./Core/Src/system_stm32f1xx.o
                0x0800a1a7                APBPrescTable
 .rodata.AHBPrescTable
                0x0800a1af       0x10 ./Core/Src/system_stm32f1xx.o
                0x0800a1af                AHBPrescTable
 .rodata.aPredivFactorTable.0
                0x0800a1bf        0x2 ./Drivers/STM32F1xx_HAL_Driver/Src/stm32f1xx_hal_rcc.o
 .rodata.aPLLMULFactorTable.1
                0x0800a1c1       0x10 ./Drivers/STM32F1xx_HAL_Driver/Src/stm32f1xx_hal_rcc.o
 .rodata.vTaskStartScheduler.str1.1
                0x0800a1d1        0x5 ./Middlewares/Third_Party/FreeRTOS/Source/tasks.o
 .rodata._printf_float.str1.1
                0x0800a1d1       0x12 E:/ST/STM32CubeIDE_1.19.0/STM32CubeIDE/plugins/com.st.stm32cube.ide.mcu.externaltools.gnu-tools-for-stm32.13.3.rel1.win32_1.0.0.202411081344/tools/bin/../lib/gcc/arm-none-eabi/13.3.1/../../../../arm-none-eabi/lib/thumb/v7-m/nofp\libc_nano.a(libc_a-nano-vfprintf_float.o)
 .rodata._printf_i.str1.1
                0x0800a1d1       0x22 E:/ST/STM32CubeIDE_1.19.0/STM32CubeIDE/plugins/com.st.stm32cube.ide.mcu.externaltools.gnu-tools-for-stm32.13.3.rel1.win32_1.0.0.202411081344/tools/bin/../lib/gcc/arm-none-eabi/13.3.1/../../../../arm-none-eabi/lib/thumb/v7-m/nofp\libc_nano.a(libc_a-nano-vfprintf_i.o)
 .rodata._dtoa_r.str1.1
                0x0800a1d1       0x8f E:/ST/STM32CubeIDE_1.19.0/STM32CubeIDE/plugins/com.st.stm32cube.ide.mcu.externaltools.gnu-tools-for-stm32.13.3.rel1.win32_1.0.0.202411081344/tools/bin/../lib/gcc/arm-none-eabi/13.3.1/../../../../arm-none-eabi/lib/thumb/v7-m/nofp\libc_nano.a(libc_a-dtoa.o)
 .rodata._Balloc.str1.1
                0x0800a1d1       0x70 E:/ST/STM32CubeIDE_1.19.0/STM32CubeIDE/plugins/com.st.stm32cube.ide.mcu.externaltools.gnu-tools-for-stm32.13.3.rel1.win32_1.0.0.202411081344/tools/bin/../lib/gcc/arm-none-eabi/13.3.1/../../../../arm-none-eabi/lib/thumb/v7-m/nofp\libc_nano.a(libc_a-mprec.o)
 .rodata.__multadd.str1.1
                0x0800a1d1       0x11 E:/ST/STM32CubeIDE_1.19.0/STM32CubeIDE/plugins/com.st.stm32cube.ide.mcu.externaltools.gnu-tools-for-stm32.13.3.rel1.win32_1.0.0.202411081344/tools/bin/../lib/gcc/arm-none-eabi/13.3.1/../../../../arm-none-eabi/lib/thumb/v7-m/nofp\libc_nano.a(libc_a-mprec.o)
 *fill*         0x0800a1d1        0x3 
 .rodata.p05.0  0x0800a1d4        0xc E:/ST/STM32CubeIDE_1.19.0/STM32CubeIDE/plugins/com.st.stm32cube.ide.mcu.externaltools.gnu-tools-for-stm32.13.3.rel1.win32_1.0.0.202411081344/tools/bin/../lib/gcc/arm-none-eabi/13.3.1/../../../../arm-none-eabi/lib/thumb/v7-m/nofp\libc_nano.a(libc_a-mprec.o)
 .rodata.__mprec_bigtens
                0x0800a1e0       0x28 E:/ST/STM32CubeIDE_1.19.0/STM32CubeIDE/plugins/com.st.stm32cube.ide.mcu.externaltools.gnu-tools-for-stm32.13.3.rel1.win32_1.0.0.202411081344/tools/bin/../lib/gcc/arm-none-eabi/13.3.1/../../../../arm-none-eabi/lib/thumb/v7-m/nofp\libc_nano.a(libc_a-mprec.o)
                0x0800a1e0                __mprec_bigtens
 .rodata.__mprec_tens
                0x0800a208       0xc8 E:/ST/STM32CubeIDE_1.19.0/STM32CubeIDE/plugins/com.st.stm32cube.ide.mcu.externaltools.gnu-tools-for-stm32.13.3.rel1.win32_1.0.0.202411081344/tools/bin/../lib/gcc/arm-none-eabi/13.3.1/../../../../arm-none-eabi/lib/thumb/v7-m/nofp\libc_nano.a(libc_a-mprec.o)
                0x0800a208                __mprec_tens
 .rodata._setlocale_r.str1.1
                0x0800a2d0        0x9 E:/ST/STM32CubeIDE_1.19.0/STM32CubeIDE/plugins/com.st.stm32cube.ide.mcu.externaltools.gnu-tools-for-stm32.13.3.rel1.win32_1.0.0.202411081344/tools/bin/../lib/gcc/arm-none-eabi/13.3.1/../../../../arm-none-eabi/lib/thumb/v7-m/nofp\libc_nano.a(libc_a-locale.o)
 .rodata.str1.1
                0x0800a2d0        0x2 E:/ST/STM32CubeIDE_1.19.0/STM32CubeIDE/plugins/com.st.stm32cube.ide.mcu.externaltools.gnu-tools-for-stm32.13.3.rel1.win32_1.0.0.202411081344/tools/bin/../lib/gcc/arm-none-eabi/13.3.1/../../../../arm-none-eabi/lib/thumb/v7-m/nofp\libc_nano.a(libc_a-locale.o)
 .rodata.__assert_func.str1.1
                0x0800a2d0       0x3d E:/ST/STM32CubeIDE_1.19.0/STM32CubeIDE/plugins/com.st.stm32cube.ide.mcu.externaltools.gnu-tools-for-stm32.13.3.rel1.win32_1.0.0.202411081344/tools/bin/../lib/gcc/arm-none-eabi/13.3.1/../../../../arm-none-eabi/lib/thumb/v7-m/nofp\libc_nano.a(libc_a-assert.o)
 .rodata._ctype_
                0x0800a2d0      0x101 E:/ST/STM32CubeIDE_1.19.0/STM32CubeIDE/plugins/com.st.stm32cube.ide.mcu.externaltools.gnu-tools-for-stm32.13.3.rel1.win32_1.0.0.202411081344/tools/bin/../lib/gcc/arm-none-eabi/13.3.1/../../../../arm-none-eabi/lib/thumb/v7-m/nofp\libc_nano.a(libc_a-ctype_.o)
                0x0800a2d0                _ctype_
 .rodata._vfprintf_r.str1.1
                0x0800a3d1       0x11 E:/ST/STM32CubeIDE_1.19.0/STM32CubeIDE/plugins/com.st.stm32cube.ide.mcu.externaltools.gnu-tools-for-stm32.13.3.rel1.win32_1.0.0.202411081344/tools/bin/../lib/gcc/arm-none-eabi/13.3.1/../../../../arm-none-eabi/lib/thumb/v7-m/nofp\libc_nano.a(libc_a-nano-vfprintf.o)
                0x0800a3e4                        . = ALIGN (0x4)
 *fill*         0x0800a3d1        0x3 

.ARM.extab      0x0800a3d4        0x0
                0x0800a3d4                        . = ALIGN (0x4)
 *(.ARM.extab* .gnu.linkonce.armextab.*)
                0x0800a3d4                        . = ALIGN (0x4)

.ARM            0x0800a3d4        0x8
                0x0800a3d4                        . = ALIGN (0x4)
                0x0800a3d4                        __exidx_start = .
 *(.ARM.exidx*)
 .ARM.exidx     0x0800a3d4        0x8 E:/ST/STM32CubeIDE_1.19.0/STM32CubeIDE/plugins/com.st.stm32cube.ide.mcu.externaltools.gnu-tools-for-stm32.13.3.rel1.win32_1.0.0.202411081344/tools/bin/../lib/gcc/arm-none-eabi/13.3.1/../../../../arm-none-eabi/lib/thumb/v7-m/nofp\libc_nano.a(libc_a-strlen.o)
                0x0800a3dc                        __exidx_end = .
                0x0800a3dc                        . = ALIGN (0x4)

.preinit_array  0x0800a3dc        0x0
                0x0800a3dc                        . = ALIGN (0x4)
                0x0800a3dc                        PROVIDE (__preinit_array_start = .)
 *(.preinit_array*)
                0x0800a3dc                        PROVIDE (__preinit_array_end = .)
                0x0800a3dc                        . = ALIGN (0x4)

.init_array     0x0800a3dc        0x4
                0x0800a3dc                        . = ALIGN (0x4)
                0x0800a3dc                        PROVIDE (__init_array_start = .)
 *(SORT_BY_NAME(.init_array.*))
 *(.init_array*)
 .init_array    0x0800a3dc        0x4 E:/ST/STM32CubeIDE_1.19.0/STM32CubeIDE/plugins/com.st.stm32cube.ide.mcu.externaltools.gnu-tools-for-stm32.13.3.rel1.win32_1.0.0.202411081344/tools/bin/../lib/gcc/arm-none-eabi/13.3.1/thumb/v7-m/nofp/crtbegin.o
                0x0800a3e0                        PROVIDE (__init_array_end = .)
                0x0800a3e0                        . = ALIGN (0x4)

.fini_array     0x0800a3e0        0x4
                0x0800a3e0                        . = ALIGN (0x4)
                [!provide]                        PROVIDE (__fini_array_start = .)
 *(SORT_BY_NAME(.fini_array.*))
 *(.fini_array*)
 .fini_array    0x0800a3e0        0x4 E:/ST/STM32CubeIDE_1.19.0/STM32CubeIDE/plugins/com.st.stm32cube.ide.mcu.externaltools.gnu-tools-for-stm32.13.3.rel1.win32_1.0.0.202411081344/tools/bin/../lib/gcc/arm-none-eabi/13.3.1/thumb/v7-m/nofp/crtbegin.o
                [!provide]                        PROVIDE (__fini_array_end = .)
                0x0800a3e4                        . = ALIGN (0x4)
                0x0800a3e4                        _sidata = LOADADDR (.data)

.rel.dyn        0x0800a3e4        0x0
 .rel.iplt      0x0800a3e4        0x0 E:/ST/STM32CubeIDE_1.19.0/STM32CubeIDE/plugins/com.st.stm32cube.ide.mcu.externaltools.gnu-tools-for-stm32.13.3.rel1.win32_1.0.0.202411081344/tools/bin/../lib/gcc/arm-none-eabi/13.3.1/thumb/v7-m/nofp/crtbegin.o

.data           0x20000000      0x1e4 load address 0x0800a3e4
                0x20000000                        . = ALIGN (0x4)
                0x20000000                        _sdata = .
 *(.data)
 *(.data*)
 .data.voltage_threshold
                0x20000000        0x4 ./Core/Src/main.o
                0x20000000                voltage_threshold
 .data.modbus_config
                0x20000004        0x5 ./Core/Src/modbus_rtu.o
                0x20000004                modbus_config
 *fill*         0x20000009        0x3 
 .data.SystemCoreClock
                0x2000000c        0x4 ./Core/Src/system_stm32f1xx.o
                0x2000000c                SystemCoreClock
 .data.uwTickFreq
                0x20000010        0x1 ./Drivers/STM32F1xx_HAL_Driver/Src/stm32f1xx_hal.o
                0x20000010                uwTickFreq
 *fill*         0x20000011        0x3 
 .data.uwTickPrio
                0x20000014        0x4 ./Drivers/STM32F1xx_HAL_Driver/Src/stm32f1xx_hal.o
                0x20000014                uwTickPrio
 .data.uxCriticalNesting
                0x20000018        0x4 ./Middlewares/Third_Party/FreeRTOS/Source/portable/GCC/ARM_CM3/port.o
 .data.__sglue  0x2000001c        0xc E:/ST/STM32CubeIDE_1.19.0/STM32CubeIDE/plugins/com.st.stm32cube.ide.mcu.externaltools.gnu-tools-for-stm32.13.3.rel1.win32_1.0.0.202411081344/tools/bin/../lib/gcc/arm-none-eabi/13.3.1/../../../../arm-none-eabi/lib/thumb/v7-m/nofp\libc_nano.a(libc_a-findfp.o)
                0x2000001c                __sglue
 .data._impure_ptr
                0x20000028        0x4 E:/ST/STM32CubeIDE_1.19.0/STM32CubeIDE/plugins/com.st.stm32cube.ide.mcu.externaltools.gnu-tools-for-stm32.13.3.rel1.win32_1.0.0.202411081344/tools/bin/../lib/gcc/arm-none-eabi/13.3.1/../../../../arm-none-eabi/lib/thumb/v7-m/nofp\libc_nano.a(libc_a-impure.o)
                0x20000028                _impure_ptr
 .data._impure_data
                0x2000002c       0x4c E:/ST/STM32CubeIDE_1.19.0/STM32CubeIDE/plugins/com.st.stm32cube.ide.mcu.externaltools.gnu-tools-for-stm32.13.3.rel1.win32_1.0.0.202411081344/tools/bin/../lib/gcc/arm-none-eabi/13.3.1/../../../../arm-none-eabi/lib/thumb/v7-m/nofp\libc_nano.a(libc_a-impure.o)
                0x2000002c                _impure_data
 .data.__global_locale
                0x20000078      0x16c E:/ST/STM32CubeIDE_1.19.0/STM32CubeIDE/plugins/com.st.stm32cube.ide.mcu.externaltools.gnu-tools-for-stm32.13.3.rel1.win32_1.0.0.202411081344/tools/bin/../lib/gcc/arm-none-eabi/13.3.1/../../../../arm-none-eabi/lib/thumb/v7-m/nofp\libc_nano.a(libc_a-locale.o)
                0x20000078                __global_locale
 *(.RamFunc)
 *(.RamFunc*)
                0x200001e4                        . = ALIGN (0x4)
                0x200001e4                        _edata = .

.igot.plt       0x200001e4        0x0 load address 0x0800a5c8
 .igot.plt      0x200001e4        0x0 E:/ST/STM32CubeIDE_1.19.0/STM32CubeIDE/plugins/com.st.stm32cube.ide.mcu.externaltools.gnu-tools-for-stm32.13.3.rel1.win32_1.0.0.202411081344/tools/bin/../lib/gcc/arm-none-eabi/13.3.1/thumb/v7-m/nofp/crtbegin.o